<!doctype html public "-//w3c//dtd html 4.0 transitional//en">
<html><head>
<title>Static Call Graph - [.\output\Project.axf]</title></head>
<body><HR>
<H1>Static Call Graph for image .\output\Project.axf</H1><HR>
<BR><P>#&#060CALLGRAPH&#062# ARM Linker, 6180002: Last Updated: Tue Jul  1 16:44:58 2025
<BR><P>
<H3>Maximum Stack Usage =        300 bytes + Unknown(Cycles, Untraceable Function Pointers)</H3><H3>
Call chain for Maximum Stack Depth:</H3>
main &rArr; bsp_init &rArr; bsp_rs485_init &rArr; usart_baudrate_set &rArr; rcu_clock_freq_get &rArr; rcu_pll_clock_freq_cal
<P>
<H3>
Mutually Recursive functions
</H3> <LI><a href="#[1c]">ADC0_1_IRQHandler</a>&nbsp;&nbsp;&nbsp;&rArr;&nbsp;&nbsp;&nbsp;<a href="#[1c]">ADC0_1_IRQHandler</a><BR>
</UL>
<P>
<H3>
Function Pointers
</H3><UL>
 <LI><a href="#[1c]">ADC0_1_IRQHandler</a> from startup_gd32g5x3.o(.text) referenced from startup_gd32g5x3.o(RESET)
 <LI><a href="#[34]">ADC2_IRQHandler</a> from startup_gd32g5x3.o(.text) referenced from startup_gd32g5x3.o(RESET)
 <LI><a href="#[42]">ADC3_IRQHandler</a> from startup_gd32g5x3.o(.text) referenced from startup_gd32g5x3.o(RESET)
 <LI><a href="#[4]">BusFault_Handler</a> from gd32g5x3_it.o(.text.BusFault_Handler) referenced from startup_gd32g5x3.o(RESET)
 <LI><a href="#[6d]">CAN0_Busoff_IRQHandler</a> from startup_gd32g5x3.o(.text) referenced from startup_gd32g5x3.o(RESET)
 <LI><a href="#[6e]">CAN0_Error_IRQHandler</a> from startup_gd32g5x3.o(.text) referenced from startup_gd32g5x3.o(RESET)
 <LI><a href="#[6f]">CAN0_FastError_IRQHandler</a> from startup_gd32g5x3.o(.text) referenced from startup_gd32g5x3.o(RESET)
 <LI><a href="#[6c]">CAN0_Message_IRQHandler</a> from startup_gd32g5x3.o(.text) referenced from startup_gd32g5x3.o(RESET)
 <LI><a href="#[71]">CAN0_REC_IRQHandler</a> from startup_gd32g5x3.o(.text) referenced from startup_gd32g5x3.o(RESET)
 <LI><a href="#[70]">CAN0_TEC_IRQHandler</a> from startup_gd32g5x3.o(.text) referenced from startup_gd32g5x3.o(RESET)
 <LI><a href="#[6b]">CAN0_WKUP_IRQHandler</a> from startup_gd32g5x3.o(.text) referenced from startup_gd32g5x3.o(RESET)
 <LI><a href="#[74]">CAN1_Busoff_IRQHandler</a> from startup_gd32g5x3.o(.text) referenced from startup_gd32g5x3.o(RESET)
 <LI><a href="#[75]">CAN1_Error_IRQHandler</a> from startup_gd32g5x3.o(.text) referenced from startup_gd32g5x3.o(RESET)
 <LI><a href="#[76]">CAN1_FastError_IRQHandler</a> from startup_gd32g5x3.o(.text) referenced from startup_gd32g5x3.o(RESET)
 <LI><a href="#[73]">CAN1_Message_IRQHandler</a> from startup_gd32g5x3.o(.text) referenced from startup_gd32g5x3.o(RESET)
 <LI><a href="#[78]">CAN1_REC_IRQHandler</a> from startup_gd32g5x3.o(.text) referenced from startup_gd32g5x3.o(RESET)
 <LI><a href="#[77]">CAN1_TEC_IRQHandler</a> from startup_gd32g5x3.o(.text) referenced from startup_gd32g5x3.o(RESET)
 <LI><a href="#[72]">CAN1_WKUP_IRQHandler</a> from startup_gd32g5x3.o(.text) referenced from startup_gd32g5x3.o(RESET)
 <LI><a href="#[7b]">CAN2_Busoff_IRQHandler</a> from startup_gd32g5x3.o(.text) referenced from startup_gd32g5x3.o(RESET)
 <LI><a href="#[7c]">CAN2_Error_IRQHandler</a> from startup_gd32g5x3.o(.text) referenced from startup_gd32g5x3.o(RESET)
 <LI><a href="#[7d]">CAN2_FastError_IRQHandler</a> from startup_gd32g5x3.o(.text) referenced from startup_gd32g5x3.o(RESET)
 <LI><a href="#[7a]">CAN2_Message_IRQHandler</a> from startup_gd32g5x3.o(.text) referenced from startup_gd32g5x3.o(RESET)
 <LI><a href="#[7f]">CAN2_REC_IRQHandler</a> from startup_gd32g5x3.o(.text) referenced from startup_gd32g5x3.o(RESET)
 <LI><a href="#[7e]">CAN2_TEC_IRQHandler</a> from startup_gd32g5x3.o(.text) referenced from startup_gd32g5x3.o(RESET)
 <LI><a href="#[79]">CAN2_WKUP_IRQHandler</a> from startup_gd32g5x3.o(.text) referenced from startup_gd32g5x3.o(RESET)
 <LI><a href="#[58]">CAU_IRQHandler</a> from startup_gd32g5x3.o(.text) referenced from startup_gd32g5x3.o(RESET)
 <LI><a href="#[61]">CLA_IRQHandler</a> from startup_gd32g5x3.o(.text) referenced from startup_gd32g5x3.o(RESET)
 <LI><a href="#[44]">CMP0_3_IRQHandler</a> from startup_gd32g5x3.o(.text) referenced from startup_gd32g5x3.o(RESET)
 <LI><a href="#[45]">CMP4_7_IRQHandler</a> from startup_gd32g5x3.o(.text) referenced from startup_gd32g5x3.o(RESET)
 <LI><a href="#[46]">CMP_IRQHandler</a> from startup_gd32g5x3.o(.text) referenced from startup_gd32g5x3.o(RESET)
 <LI><a href="#[15]">DMA0_Channel0_IRQHandler</a> from gd32g5x3_it.o(.text.DMA0_Channel0_IRQHandler) referenced from startup_gd32g5x3.o(RESET)
 <LI><a href="#[16]">DMA0_Channel1_IRQHandler</a> from startup_gd32g5x3.o(.text) referenced from startup_gd32g5x3.o(RESET)
 <LI><a href="#[17]">DMA0_Channel2_IRQHandler</a> from startup_gd32g5x3.o(.text) referenced from startup_gd32g5x3.o(RESET)
 <LI><a href="#[18]">DMA0_Channel3_IRQHandler</a> from gd32g5x3_it.o(.text.DMA0_Channel3_IRQHandler) referenced from startup_gd32g5x3.o(RESET)
 <LI><a href="#[19]">DMA0_Channel4_IRQHandler</a> from gd32g5x3_it.o(.text.DMA0_Channel4_IRQHandler) referenced from startup_gd32g5x3.o(RESET)
 <LI><a href="#[1a]">DMA0_Channel5_IRQHandler</a> from gd32g5x3_it.o(.text.DMA0_Channel5_IRQHandler) referenced from startup_gd32g5x3.o(RESET)
 <LI><a href="#[1b]">DMA0_Channel6_IRQHandler</a> from startup_gd32g5x3.o(.text) referenced from startup_gd32g5x3.o(RESET)
 <LI><a href="#[3d]">DMA1_Channel0_IRQHandler</a> from startup_gd32g5x3.o(.text) referenced from startup_gd32g5x3.o(RESET)
 <LI><a href="#[3e]">DMA1_Channel1_IRQHandler</a> from startup_gd32g5x3.o(.text) referenced from startup_gd32g5x3.o(RESET)
 <LI><a href="#[3f]">DMA1_Channel2_IRQHandler</a> from startup_gd32g5x3.o(.text) referenced from startup_gd32g5x3.o(RESET)
 <LI><a href="#[40]">DMA1_Channel3_IRQHandler</a> from startup_gd32g5x3.o(.text) referenced from startup_gd32g5x3.o(RESET)
 <LI><a href="#[41]">DMA1_Channel4_IRQHandler</a> from startup_gd32g5x3.o(.text) referenced from startup_gd32g5x3.o(RESET)
 <LI><a href="#[5f]">DMA1_Channel5_IRQHandler</a> from startup_gd32g5x3.o(.text) referenced from startup_gd32g5x3.o(RESET)
 <LI><a href="#[60]">DMA1_Channel6_IRQHandler</a> from startup_gd32g5x3.o(.text) referenced from startup_gd32g5x3.o(RESET)
 <LI><a href="#[5c]">DMAMUX_OVR_IRQHandler</a> from startup_gd32g5x3.o(.text) referenced from startup_gd32g5x3.o(RESET)
 <LI><a href="#[7]">DebugMon_Handler</a> from gd32g5x3_it.o(.text.DebugMon_Handler) referenced from startup_gd32g5x3.o(RESET)
 <LI><a href="#[10]">EXTI0_IRQHandler</a> from startup_gd32g5x3.o(.text) referenced from startup_gd32g5x3.o(RESET)
 <LI><a href="#[2e]">EXTI10_15_IRQHandler</a> from startup_gd32g5x3.o(.text) referenced from startup_gd32g5x3.o(RESET)
 <LI><a href="#[11]">EXTI1_IRQHandler</a> from startup_gd32g5x3.o(.text) referenced from startup_gd32g5x3.o(RESET)
 <LI><a href="#[12]">EXTI2_IRQHandler</a> from startup_gd32g5x3.o(.text) referenced from startup_gd32g5x3.o(RESET)
 <LI><a href="#[13]">EXTI3_IRQHandler</a> from startup_gd32g5x3.o(.text) referenced from startup_gd32g5x3.o(RESET)
 <LI><a href="#[14]">EXTI4_IRQHandler</a> from startup_gd32g5x3.o(.text) referenced from startup_gd32g5x3.o(RESET)
 <LI><a href="#[1d]">EXTI5_9_IRQHandler</a> from startup_gd32g5x3.o(.text) referenced from startup_gd32g5x3.o(RESET)
 <LI><a href="#[63]">FAC_IRQHandler</a> from startup_gd32g5x3.o(.text) referenced from startup_gd32g5x3.o(RESET)
 <LI><a href="#[5e]">FFT_IRQHandler</a> from startup_gd32g5x3.o(.text) referenced from startup_gd32g5x3.o(RESET)
 <LI><a href="#[e]">FMC_IRQHandler</a> from startup_gd32g5x3.o(.text) referenced from startup_gd32g5x3.o(RESET)
 <LI><a href="#[55]">FPU_IRQHandler</a> from startup_gd32g5x3.o(.text) referenced from startup_gd32g5x3.o(RESET)
 <LI><a href="#[64]">HPDF_INT0_IRQHandler</a> from startup_gd32g5x3.o(.text) referenced from startup_gd32g5x3.o(RESET)
 <LI><a href="#[65]">HPDF_INT1_IRQHandler</a> from startup_gd32g5x3.o(.text) referenced from startup_gd32g5x3.o(RESET)
 <LI><a href="#[66]">HPDF_INT2_IRQHandler</a> from startup_gd32g5x3.o(.text) referenced from startup_gd32g5x3.o(RESET)
 <LI><a href="#[67]">HPDF_INT3_IRQHandler</a> from startup_gd32g5x3.o(.text) referenced from startup_gd32g5x3.o(RESET)
 <LI><a href="#[47]">HRTIMER_IRQ0_IRQHandler</a> from startup_gd32g5x3.o(.text) referenced from startup_gd32g5x3.o(RESET)
 <LI><a href="#[48]">HRTIMER_IRQ1_IRQHandler</a> from startup_gd32g5x3.o(.text) referenced from startup_gd32g5x3.o(RESET)
 <LI><a href="#[49]">HRTIMER_IRQ2_IRQHandler</a> from startup_gd32g5x3.o(.text) referenced from startup_gd32g5x3.o(RESET)
 <LI><a href="#[4a]">HRTIMER_IRQ3_IRQHandler</a> from startup_gd32g5x3.o(.text) referenced from startup_gd32g5x3.o(RESET)
 <LI><a href="#[4b]">HRTIMER_IRQ4_IRQHandler</a> from startup_gd32g5x3.o(.text) referenced from startup_gd32g5x3.o(RESET)
 <LI><a href="#[4c]">HRTIMER_IRQ5_IRQHandler</a> from startup_gd32g5x3.o(.text) referenced from startup_gd32g5x3.o(RESET)
 <LI><a href="#[4d]">HRTIMER_IRQ6_IRQHandler</a> from startup_gd32g5x3.o(.text) referenced from startup_gd32g5x3.o(RESET)
 <LI><a href="#[4e]">HRTIMER_IRQ7_IRQHandler</a> from startup_gd32g5x3.o(.text) referenced from startup_gd32g5x3.o(RESET)
 <LI><a href="#[4f]">HRTIMER_IRQ8_IRQHandler</a> from startup_gd32g5x3.o(.text) referenced from startup_gd32g5x3.o(RESET)
 <LI><a href="#[50]">HRTIMER_IRQ9_IRQHandler</a> from startup_gd32g5x3.o(.text) referenced from startup_gd32g5x3.o(RESET)
 <LI><a href="#[2]">HardFault_Handler</a> from gd32g5x3_it.o(.text.HardFault_Handler) referenced from startup_gd32g5x3.o(RESET)
 <LI><a href="#[26]">I2C0_ER_IRQHandler</a> from startup_gd32g5x3.o(.text) referenced from startup_gd32g5x3.o(RESET)
 <LI><a href="#[25]">I2C0_EV_WKUP_IRQHandler</a> from startup_gd32g5x3.o(.text) referenced from startup_gd32g5x3.o(RESET)
 <LI><a href="#[28]">I2C1_ER_IRQHandler</a> from startup_gd32g5x3.o(.text) referenced from startup_gd32g5x3.o(RESET)
 <LI><a href="#[27]">I2C1_EV_WKUP_IRQHandler</a> from startup_gd32g5x3.o(.text) referenced from startup_gd32g5x3.o(RESET)
 <LI><a href="#[57]">I2C2_ER_IRQHandler</a> from startup_gd32g5x3.o(.text) referenced from startup_gd32g5x3.o(RESET)
 <LI><a href="#[56]">I2C2_EV_WKUP_IRQHandler</a> from startup_gd32g5x3.o(.text) referenced from startup_gd32g5x3.o(RESET)
 <LI><a href="#[5b]">I2C3_ER_IRQHandler</a> from startup_gd32g5x3.o(.text) referenced from startup_gd32g5x3.o(RESET)
 <LI><a href="#[5a]">I2C3_EV_WKUP_IRQHandler</a> from startup_gd32g5x3.o(.text) referenced from startup_gd32g5x3.o(RESET)
 <LI><a href="#[36]">LPTIMER_IRQHandler</a> from startup_gd32g5x3.o(.text) referenced from startup_gd32g5x3.o(RESET)
 <LI><a href="#[b]">LVD_VAVD_VOVD_VUVD_IRQHandler</a> from startup_gd32g5x3.o(.text) referenced from startup_gd32g5x3.o(RESET)
 <LI><a href="#[3]">MemManage_Handler</a> from gd32g5x3_it.o(.text.MemManage_Handler) referenced from startup_gd32g5x3.o(RESET)
 <LI><a href="#[8a]">ModBus_Slave_Response_Data</a> from user_modbus.o(.text.ModBus_Slave_Response_Data) referenced 2 times from user_modbus.o(.text.ModBus_Slave_Process)
 <LI><a href="#[1]">NMI_Handler</a> from gd32g5x3_it.o(.text.NMI_Handler) referenced from startup_gd32g5x3.o(RESET)
 <LI><a href="#[8]">PendSV_Handler</a> from gd32g5x3_it.o(.text.PendSV_Handler) referenced from startup_gd32g5x3.o(RESET)
 <LI><a href="#[5d]">QSPI_IRQHandler</a> from startup_gd32g5x3.o(.text) referenced from startup_gd32g5x3.o(RESET)
 <LI><a href="#[f]">RCU_IRQHandler</a> from startup_gd32g5x3.o(.text) referenced from startup_gd32g5x3.o(RESET)
 <LI><a href="#[2f]">RTC_Alarm_IRQHandler</a> from startup_gd32g5x3.o(.text) referenced from startup_gd32g5x3.o(RESET)
 <LI><a href="#[d]">RTC_WKUP_IRQHandler</a> from startup_gd32g5x3.o(.text) referenced from startup_gd32g5x3.o(RESET)
 <LI><a href="#[0]">Reset_Handler</a> from startup_gd32g5x3.o(.text) referenced from startup_gd32g5x3.o(RESET)
 <LI><a href="#[29]">SPI0_IRQHandler</a> from startup_gd32g5x3.o(.text) referenced from startup_gd32g5x3.o(RESET)
 <LI><a href="#[2a]">SPI1_IRQHandler</a> from startup_gd32g5x3.o(.text) referenced from startup_gd32g5x3.o(RESET)
 <LI><a href="#[38]">SPI2_IRQHandler</a> from startup_gd32g5x3.o(.text) referenced from startup_gd32g5x3.o(RESET)
 <LI><a href="#[6]">SVC_Handler</a> from gd32g5x3_it.o(.text.SVC_Handler) referenced from startup_gd32g5x3.o(RESET)
 <LI><a href="#[35]">SYSCFG_IRQHandler</a> from startup_gd32g5x3.o(.text) referenced from startup_gd32g5x3.o(RESET)
 <LI><a href="#[9]">SysTick_Handler</a> from gd32g5x3_it.o(.text.SysTick_Handler) referenced from startup_gd32g5x3.o(RESET)
 <LI><a href="#[88]">SystemInit</a> from system_gd32g5x3.o(.text.SystemInit) referenced from startup_gd32g5x3.o(.text)
 <LI><a href="#[c]">TAMPER_IRQHandler</a> from startup_gd32g5x3.o(.text) referenced from startup_gd32g5x3.o(RESET)
 <LI><a href="#[1e]">TIMER0_BRK_IRQHandler</a> from startup_gd32g5x3.o(.text) referenced from startup_gd32g5x3.o(RESET)
 <LI><a href="#[21]">TIMER0_Channel_IRQHandler</a> from startup_gd32g5x3.o(.text) referenced from startup_gd32g5x3.o(RESET)
 <LI><a href="#[80]">TIMER0_DEC_IRQHandler</a> from startup_gd32g5x3.o(.text) referenced from startup_gd32g5x3.o(RESET)
 <LI><a href="#[20]">TIMER0_TRG_CMT_IDX_IRQHandler</a> from startup_gd32g5x3.o(.text) referenced from startup_gd32g5x3.o(RESET)
 <LI><a href="#[1f]">TIMER0_UP_IRQHandler</a> from startup_gd32g5x3.o(.text) referenced from startup_gd32g5x3.o(RESET)
 <LI><a href="#[68]">TIMER14_IRQHandler</a> from startup_gd32g5x3.o(.text) referenced from startup_gd32g5x3.o(RESET)
 <LI><a href="#[69]">TIMER15_IRQHandler</a> from startup_gd32g5x3.o(.text) referenced from startup_gd32g5x3.o(RESET)
 <LI><a href="#[6a]">TIMER16_IRQHandler</a> from startup_gd32g5x3.o(.text) referenced from startup_gd32g5x3.o(RESET)
 <LI><a href="#[51]">TIMER19_BRK_TRS_IDX_IRQHandler</a> from startup_gd32g5x3.o(.text) referenced from startup_gd32g5x3.o(RESET)
 <LI><a href="#[54]">TIMER19_Channel_IRQHandler</a> from startup_gd32g5x3.o(.text) referenced from startup_gd32g5x3.o(RESET)
 <LI><a href="#[86]">TIMER19_DEC_IRQHandler</a> from startup_gd32g5x3.o(.text) referenced from startup_gd32g5x3.o(RESET)
 <LI><a href="#[53]">TIMER19_TRG_CMT_IDX_IRQHandler</a> from startup_gd32g5x3.o(.text) referenced from startup_gd32g5x3.o(RESET)
 <LI><a href="#[52]">TIMER19_UP_IRQHandler</a> from startup_gd32g5x3.o(.text) referenced from startup_gd32g5x3.o(RESET)
 <LI><a href="#[81]">TIMER1_DEC_IRQHandler</a> from startup_gd32g5x3.o(.text) referenced from startup_gd32g5x3.o(RESET)
 <LI><a href="#[22]">TIMER1_IRQHandler</a> from startup_gd32g5x3.o(.text) referenced from startup_gd32g5x3.o(RESET)
 <LI><a href="#[82]">TIMER2_DEC_IRQHandler</a> from startup_gd32g5x3.o(.text) referenced from startup_gd32g5x3.o(RESET)
 <LI><a href="#[23]">TIMER2_IRQHandler</a> from startup_gd32g5x3.o(.text) referenced from startup_gd32g5x3.o(RESET)
 <LI><a href="#[83]">TIMER3_DEC_IRQHandler</a> from startup_gd32g5x3.o(.text) referenced from startup_gd32g5x3.o(RESET)
 <LI><a href="#[24]">TIMER3_IRQHandler</a> from startup_gd32g5x3.o(.text) referenced from startup_gd32g5x3.o(RESET)
 <LI><a href="#[84]">TIMER4_DEC_IRQHandler</a> from startup_gd32g5x3.o(.text) referenced from startup_gd32g5x3.o(RESET)
 <LI><a href="#[37]">TIMER4_IRQHandler</a> from startup_gd32g5x3.o(.text) referenced from startup_gd32g5x3.o(RESET)
 <LI><a href="#[3b]">TIMER5_DAC0_2_UDR_IRQHandler</a> from startup_gd32g5x3.o(.text) referenced from startup_gd32g5x3.o(RESET)
 <LI><a href="#[3c]">TIMER6_DAC1_3_UDR_IRQHandler</a> from startup_gd32g5x3.o(.text) referenced from startup_gd32g5x3.o(RESET)
 <LI><a href="#[30]">TIMER7_BRK_TRS_IDX_IRQHandler</a> from startup_gd32g5x3.o(.text) referenced from startup_gd32g5x3.o(RESET)
 <LI><a href="#[33]">TIMER7_Channel_IRQHandler</a> from startup_gd32g5x3.o(.text) referenced from startup_gd32g5x3.o(RESET)
 <LI><a href="#[85]">TIMER7_DEC_IRQHandler</a> from startup_gd32g5x3.o(.text) referenced from startup_gd32g5x3.o(RESET)
 <LI><a href="#[32]">TIMER7_TRG_CMT_IDX_IRQHandler</a> from startup_gd32g5x3.o(.text) referenced from startup_gd32g5x3.o(RESET)
 <LI><a href="#[31]">TIMER7_UP_IRQHandler</a> from startup_gd32g5x3.o(.text) referenced from startup_gd32g5x3.o(RESET)
 <LI><a href="#[62]">TMU_IRQHandler</a> from startup_gd32g5x3.o(.text) referenced from startup_gd32g5x3.o(RESET)
 <LI><a href="#[59]">TRNG_IRQHandler</a> from startup_gd32g5x3.o(.text) referenced from startup_gd32g5x3.o(RESET)
 <LI><a href="#[39]">UART3_IRQHandler</a> from startup_gd32g5x3.o(.text) referenced from startup_gd32g5x3.o(RESET)
 <LI><a href="#[3a]">UART4_IRQHandler</a> from startup_gd32g5x3.o(.text) referenced from startup_gd32g5x3.o(RESET)
 <LI><a href="#[2b]">USART0_IRQHandler</a> from gd32g5x3_it.o(.text.USART0_IRQHandler) referenced from startup_gd32g5x3.o(RESET)
 <LI><a href="#[2c]">USART1_IRQHandler</a> from gd32g5x3_it.o(.text.USART1_IRQHandler) referenced from startup_gd32g5x3.o(RESET)
 <LI><a href="#[2d]">USART2_IRQHandler</a> from startup_gd32g5x3.o(.text) referenced from startup_gd32g5x3.o(RESET)
 <LI><a href="#[5]">UsageFault_Handler</a> from gd32g5x3_it.o(.text.UsageFault_Handler) referenced from startup_gd32g5x3.o(RESET)
 <LI><a href="#[43]">VUVD1_VOVD1_IRQHandler</a> from startup_gd32g5x3.o(.text) referenced from startup_gd32g5x3.o(RESET)
 <LI><a href="#[a]">WWDGT_IRQHandler</a> from startup_gd32g5x3.o(.text) referenced from startup_gd32g5x3.o(RESET)
 <LI><a href="#[89]">__main</a> from entry.o(.ARM.Collect$$$$00000000) referenced from startup_gd32g5x3.o(.text)
 <LI><a href="#[8b]">bsp_rs232_dma_send</a> from bsp_rs232.o(.text.bsp_rs232_dma_send) referenced 2 times from user_modbus.o(.text.ModBus_Slave_Process)
 <LI><a href="#[87]">main</a> from main.o(.text.main) referenced from entry9a.o(.ARM.Collect$$$$0000000B)
</UL>
<P>
<H3>
Global Symbols
</H3>
<P><STRONG><a name="[89]"></a>__main</STRONG> (Thumb, 0 bytes, Stack size unknown bytes, entry.o(.ARM.Collect$$$$00000000))
<BR>[Address Reference Count : 1]<UL><LI> startup_gd32g5x3.o(.text)
</UL>
<P><STRONG><a name="[fe]"></a>_main_stk</STRONG> (Thumb, 0 bytes, Stack size unknown bytes, entry2.o(.ARM.Collect$$$$00000001))

<P><STRONG><a name="[8c]"></a>_main_scatterload</STRONG> (Thumb, 0 bytes, Stack size unknown bytes, entry5.o(.ARM.Collect$$$$00000004))
<BR><BR>[Calls]<UL><LI><a href="#[8d]">&gt;&gt;</a>&nbsp;&nbsp;&nbsp;__scatterload
</UL>

<P><STRONG><a name="[91]"></a>__main_after_scatterload</STRONG> (Thumb, 0 bytes, Stack size unknown bytes, entry5.o(.ARM.Collect$$$$00000004))
<BR><BR>[Called By]<UL><LI><a href="#[8d]">&gt;&gt;</a>&nbsp;&nbsp;&nbsp;__scatterload
</UL>

<P><STRONG><a name="[ff]"></a>_main_clock</STRONG> (Thumb, 0 bytes, Stack size unknown bytes, entry7b.o(.ARM.Collect$$$$00000008))

<P><STRONG><a name="[100]"></a>_main_cpp_init</STRONG> (Thumb, 0 bytes, Stack size unknown bytes, entry8b.o(.ARM.Collect$$$$0000000A))

<P><STRONG><a name="[101]"></a>_main_init</STRONG> (Thumb, 0 bytes, Stack size unknown bytes, entry9a.o(.ARM.Collect$$$$0000000B))

<P><STRONG><a name="[102]"></a>__rt_final_cpp</STRONG> (Thumb, 0 bytes, Stack size unknown bytes, entry10a.o(.ARM.Collect$$$$0000000D))

<P><STRONG><a name="[103]"></a>__rt_final_exit</STRONG> (Thumb, 0 bytes, Stack size unknown bytes, entry11a.o(.ARM.Collect$$$$0000000F))

<P><STRONG><a name="[0]"></a>Reset_Handler</STRONG> (Thumb, 44 bytes, Stack size 0 bytes, startup_gd32g5x3.o(.text))
<BR>[Address Reference Count : 1]<UL><LI> startup_gd32g5x3.o(RESET)
</UL>
<P><STRONG><a name="[1c]"></a>ADC0_1_IRQHandler</STRONG> (Thumb, 0 bytes, Stack size 0 bytes, startup_gd32g5x3.o(.text))
<BR><BR>[Calls]<UL><LI><a href="#[1c]">&gt;&gt;</a>&nbsp;&nbsp;&nbsp;ADC0_1_IRQHandler
</UL>
<BR>[Called By]<UL><LI><a href="#[1c]">&gt;&gt;</a>&nbsp;&nbsp;&nbsp;ADC0_1_IRQHandler
</UL>
<BR>[Address Reference Count : 1]<UL><LI> startup_gd32g5x3.o(RESET)
</UL>
<P><STRONG><a name="[34]"></a>ADC2_IRQHandler</STRONG> (Thumb, 0 bytes, Stack size 0 bytes, startup_gd32g5x3.o(.text))
<BR>[Address Reference Count : 1]<UL><LI> startup_gd32g5x3.o(RESET)
</UL>
<P><STRONG><a name="[42]"></a>ADC3_IRQHandler</STRONG> (Thumb, 0 bytes, Stack size 0 bytes, startup_gd32g5x3.o(.text))
<BR>[Address Reference Count : 1]<UL><LI> startup_gd32g5x3.o(RESET)
</UL>
<P><STRONG><a name="[6d]"></a>CAN0_Busoff_IRQHandler</STRONG> (Thumb, 0 bytes, Stack size 0 bytes, startup_gd32g5x3.o(.text))
<BR>[Address Reference Count : 1]<UL><LI> startup_gd32g5x3.o(RESET)
</UL>
<P><STRONG><a name="[6e]"></a>CAN0_Error_IRQHandler</STRONG> (Thumb, 0 bytes, Stack size 0 bytes, startup_gd32g5x3.o(.text))
<BR>[Address Reference Count : 1]<UL><LI> startup_gd32g5x3.o(RESET)
</UL>
<P><STRONG><a name="[6f]"></a>CAN0_FastError_IRQHandler</STRONG> (Thumb, 0 bytes, Stack size 0 bytes, startup_gd32g5x3.o(.text))
<BR>[Address Reference Count : 1]<UL><LI> startup_gd32g5x3.o(RESET)
</UL>
<P><STRONG><a name="[6c]"></a>CAN0_Message_IRQHandler</STRONG> (Thumb, 0 bytes, Stack size 0 bytes, startup_gd32g5x3.o(.text))
<BR>[Address Reference Count : 1]<UL><LI> startup_gd32g5x3.o(RESET)
</UL>
<P><STRONG><a name="[71]"></a>CAN0_REC_IRQHandler</STRONG> (Thumb, 0 bytes, Stack size 0 bytes, startup_gd32g5x3.o(.text))
<BR>[Address Reference Count : 1]<UL><LI> startup_gd32g5x3.o(RESET)
</UL>
<P><STRONG><a name="[70]"></a>CAN0_TEC_IRQHandler</STRONG> (Thumb, 0 bytes, Stack size 0 bytes, startup_gd32g5x3.o(.text))
<BR>[Address Reference Count : 1]<UL><LI> startup_gd32g5x3.o(RESET)
</UL>
<P><STRONG><a name="[6b]"></a>CAN0_WKUP_IRQHandler</STRONG> (Thumb, 0 bytes, Stack size 0 bytes, startup_gd32g5x3.o(.text))
<BR>[Address Reference Count : 1]<UL><LI> startup_gd32g5x3.o(RESET)
</UL>
<P><STRONG><a name="[74]"></a>CAN1_Busoff_IRQHandler</STRONG> (Thumb, 0 bytes, Stack size 0 bytes, startup_gd32g5x3.o(.text))
<BR>[Address Reference Count : 1]<UL><LI> startup_gd32g5x3.o(RESET)
</UL>
<P><STRONG><a name="[75]"></a>CAN1_Error_IRQHandler</STRONG> (Thumb, 0 bytes, Stack size 0 bytes, startup_gd32g5x3.o(.text))
<BR>[Address Reference Count : 1]<UL><LI> startup_gd32g5x3.o(RESET)
</UL>
<P><STRONG><a name="[76]"></a>CAN1_FastError_IRQHandler</STRONG> (Thumb, 0 bytes, Stack size 0 bytes, startup_gd32g5x3.o(.text))
<BR>[Address Reference Count : 1]<UL><LI> startup_gd32g5x3.o(RESET)
</UL>
<P><STRONG><a name="[73]"></a>CAN1_Message_IRQHandler</STRONG> (Thumb, 0 bytes, Stack size 0 bytes, startup_gd32g5x3.o(.text))
<BR>[Address Reference Count : 1]<UL><LI> startup_gd32g5x3.o(RESET)
</UL>
<P><STRONG><a name="[78]"></a>CAN1_REC_IRQHandler</STRONG> (Thumb, 0 bytes, Stack size 0 bytes, startup_gd32g5x3.o(.text))
<BR>[Address Reference Count : 1]<UL><LI> startup_gd32g5x3.o(RESET)
</UL>
<P><STRONG><a name="[77]"></a>CAN1_TEC_IRQHandler</STRONG> (Thumb, 0 bytes, Stack size 0 bytes, startup_gd32g5x3.o(.text))
<BR>[Address Reference Count : 1]<UL><LI> startup_gd32g5x3.o(RESET)
</UL>
<P><STRONG><a name="[72]"></a>CAN1_WKUP_IRQHandler</STRONG> (Thumb, 0 bytes, Stack size 0 bytes, startup_gd32g5x3.o(.text))
<BR>[Address Reference Count : 1]<UL><LI> startup_gd32g5x3.o(RESET)
</UL>
<P><STRONG><a name="[7b]"></a>CAN2_Busoff_IRQHandler</STRONG> (Thumb, 0 bytes, Stack size 0 bytes, startup_gd32g5x3.o(.text))
<BR>[Address Reference Count : 1]<UL><LI> startup_gd32g5x3.o(RESET)
</UL>
<P><STRONG><a name="[7c]"></a>CAN2_Error_IRQHandler</STRONG> (Thumb, 0 bytes, Stack size 0 bytes, startup_gd32g5x3.o(.text))
<BR>[Address Reference Count : 1]<UL><LI> startup_gd32g5x3.o(RESET)
</UL>
<P><STRONG><a name="[7d]"></a>CAN2_FastError_IRQHandler</STRONG> (Thumb, 0 bytes, Stack size 0 bytes, startup_gd32g5x3.o(.text))
<BR>[Address Reference Count : 1]<UL><LI> startup_gd32g5x3.o(RESET)
</UL>
<P><STRONG><a name="[7a]"></a>CAN2_Message_IRQHandler</STRONG> (Thumb, 0 bytes, Stack size 0 bytes, startup_gd32g5x3.o(.text))
<BR>[Address Reference Count : 1]<UL><LI> startup_gd32g5x3.o(RESET)
</UL>
<P><STRONG><a name="[7f]"></a>CAN2_REC_IRQHandler</STRONG> (Thumb, 0 bytes, Stack size 0 bytes, startup_gd32g5x3.o(.text))
<BR>[Address Reference Count : 1]<UL><LI> startup_gd32g5x3.o(RESET)
</UL>
<P><STRONG><a name="[7e]"></a>CAN2_TEC_IRQHandler</STRONG> (Thumb, 0 bytes, Stack size 0 bytes, startup_gd32g5x3.o(.text))
<BR>[Address Reference Count : 1]<UL><LI> startup_gd32g5x3.o(RESET)
</UL>
<P><STRONG><a name="[79]"></a>CAN2_WKUP_IRQHandler</STRONG> (Thumb, 0 bytes, Stack size 0 bytes, startup_gd32g5x3.o(.text))
<BR>[Address Reference Count : 1]<UL><LI> startup_gd32g5x3.o(RESET)
</UL>
<P><STRONG><a name="[58]"></a>CAU_IRQHandler</STRONG> (Thumb, 0 bytes, Stack size 0 bytes, startup_gd32g5x3.o(.text))
<BR>[Address Reference Count : 1]<UL><LI> startup_gd32g5x3.o(RESET)
</UL>
<P><STRONG><a name="[61]"></a>CLA_IRQHandler</STRONG> (Thumb, 0 bytes, Stack size 0 bytes, startup_gd32g5x3.o(.text))
<BR>[Address Reference Count : 1]<UL><LI> startup_gd32g5x3.o(RESET)
</UL>
<P><STRONG><a name="[44]"></a>CMP0_3_IRQHandler</STRONG> (Thumb, 0 bytes, Stack size 0 bytes, startup_gd32g5x3.o(.text))
<BR>[Address Reference Count : 1]<UL><LI> startup_gd32g5x3.o(RESET)
</UL>
<P><STRONG><a name="[45]"></a>CMP4_7_IRQHandler</STRONG> (Thumb, 0 bytes, Stack size 0 bytes, startup_gd32g5x3.o(.text))
<BR>[Address Reference Count : 1]<UL><LI> startup_gd32g5x3.o(RESET)
</UL>
<P><STRONG><a name="[46]"></a>CMP_IRQHandler</STRONG> (Thumb, 0 bytes, Stack size 0 bytes, startup_gd32g5x3.o(.text))
<BR>[Address Reference Count : 1]<UL><LI> startup_gd32g5x3.o(RESET)
</UL>
<P><STRONG><a name="[16]"></a>DMA0_Channel1_IRQHandler</STRONG> (Thumb, 0 bytes, Stack size 0 bytes, startup_gd32g5x3.o(.text))
<BR>[Address Reference Count : 1]<UL><LI> startup_gd32g5x3.o(RESET)
</UL>
<P><STRONG><a name="[17]"></a>DMA0_Channel2_IRQHandler</STRONG> (Thumb, 0 bytes, Stack size 0 bytes, startup_gd32g5x3.o(.text))
<BR>[Address Reference Count : 1]<UL><LI> startup_gd32g5x3.o(RESET)
</UL>
<P><STRONG><a name="[1b]"></a>DMA0_Channel6_IRQHandler</STRONG> (Thumb, 0 bytes, Stack size 0 bytes, startup_gd32g5x3.o(.text))
<BR>[Address Reference Count : 1]<UL><LI> startup_gd32g5x3.o(RESET)
</UL>
<P><STRONG><a name="[3d]"></a>DMA1_Channel0_IRQHandler</STRONG> (Thumb, 0 bytes, Stack size 0 bytes, startup_gd32g5x3.o(.text))
<BR>[Address Reference Count : 1]<UL><LI> startup_gd32g5x3.o(RESET)
</UL>
<P><STRONG><a name="[3e]"></a>DMA1_Channel1_IRQHandler</STRONG> (Thumb, 0 bytes, Stack size 0 bytes, startup_gd32g5x3.o(.text))
<BR>[Address Reference Count : 1]<UL><LI> startup_gd32g5x3.o(RESET)
</UL>
<P><STRONG><a name="[3f]"></a>DMA1_Channel2_IRQHandler</STRONG> (Thumb, 0 bytes, Stack size 0 bytes, startup_gd32g5x3.o(.text))
<BR>[Address Reference Count : 1]<UL><LI> startup_gd32g5x3.o(RESET)
</UL>
<P><STRONG><a name="[40]"></a>DMA1_Channel3_IRQHandler</STRONG> (Thumb, 0 bytes, Stack size 0 bytes, startup_gd32g5x3.o(.text))
<BR>[Address Reference Count : 1]<UL><LI> startup_gd32g5x3.o(RESET)
</UL>
<P><STRONG><a name="[41]"></a>DMA1_Channel4_IRQHandler</STRONG> (Thumb, 0 bytes, Stack size 0 bytes, startup_gd32g5x3.o(.text))
<BR>[Address Reference Count : 1]<UL><LI> startup_gd32g5x3.o(RESET)
</UL>
<P><STRONG><a name="[5f]"></a>DMA1_Channel5_IRQHandler</STRONG> (Thumb, 0 bytes, Stack size 0 bytes, startup_gd32g5x3.o(.text))
<BR>[Address Reference Count : 1]<UL><LI> startup_gd32g5x3.o(RESET)
</UL>
<P><STRONG><a name="[60]"></a>DMA1_Channel6_IRQHandler</STRONG> (Thumb, 0 bytes, Stack size 0 bytes, startup_gd32g5x3.o(.text))
<BR>[Address Reference Count : 1]<UL><LI> startup_gd32g5x3.o(RESET)
</UL>
<P><STRONG><a name="[5c]"></a>DMAMUX_OVR_IRQHandler</STRONG> (Thumb, 0 bytes, Stack size 0 bytes, startup_gd32g5x3.o(.text))
<BR>[Address Reference Count : 1]<UL><LI> startup_gd32g5x3.o(RESET)
</UL>
<P><STRONG><a name="[10]"></a>EXTI0_IRQHandler</STRONG> (Thumb, 0 bytes, Stack size 0 bytes, startup_gd32g5x3.o(.text))
<BR>[Address Reference Count : 1]<UL><LI> startup_gd32g5x3.o(RESET)
</UL>
<P><STRONG><a name="[2e]"></a>EXTI10_15_IRQHandler</STRONG> (Thumb, 0 bytes, Stack size 0 bytes, startup_gd32g5x3.o(.text))
<BR>[Address Reference Count : 1]<UL><LI> startup_gd32g5x3.o(RESET)
</UL>
<P><STRONG><a name="[11]"></a>EXTI1_IRQHandler</STRONG> (Thumb, 0 bytes, Stack size 0 bytes, startup_gd32g5x3.o(.text))
<BR>[Address Reference Count : 1]<UL><LI> startup_gd32g5x3.o(RESET)
</UL>
<P><STRONG><a name="[12]"></a>EXTI2_IRQHandler</STRONG> (Thumb, 0 bytes, Stack size 0 bytes, startup_gd32g5x3.o(.text))
<BR>[Address Reference Count : 1]<UL><LI> startup_gd32g5x3.o(RESET)
</UL>
<P><STRONG><a name="[13]"></a>EXTI3_IRQHandler</STRONG> (Thumb, 0 bytes, Stack size 0 bytes, startup_gd32g5x3.o(.text))
<BR>[Address Reference Count : 1]<UL><LI> startup_gd32g5x3.o(RESET)
</UL>
<P><STRONG><a name="[14]"></a>EXTI4_IRQHandler</STRONG> (Thumb, 0 bytes, Stack size 0 bytes, startup_gd32g5x3.o(.text))
<BR>[Address Reference Count : 1]<UL><LI> startup_gd32g5x3.o(RESET)
</UL>
<P><STRONG><a name="[1d]"></a>EXTI5_9_IRQHandler</STRONG> (Thumb, 0 bytes, Stack size 0 bytes, startup_gd32g5x3.o(.text))
<BR>[Address Reference Count : 1]<UL><LI> startup_gd32g5x3.o(RESET)
</UL>
<P><STRONG><a name="[63]"></a>FAC_IRQHandler</STRONG> (Thumb, 0 bytes, Stack size 0 bytes, startup_gd32g5x3.o(.text))
<BR>[Address Reference Count : 1]<UL><LI> startup_gd32g5x3.o(RESET)
</UL>
<P><STRONG><a name="[5e]"></a>FFT_IRQHandler</STRONG> (Thumb, 0 bytes, Stack size 0 bytes, startup_gd32g5x3.o(.text))
<BR>[Address Reference Count : 1]<UL><LI> startup_gd32g5x3.o(RESET)
</UL>
<P><STRONG><a name="[e]"></a>FMC_IRQHandler</STRONG> (Thumb, 0 bytes, Stack size 0 bytes, startup_gd32g5x3.o(.text))
<BR>[Address Reference Count : 1]<UL><LI> startup_gd32g5x3.o(RESET)
</UL>
<P><STRONG><a name="[55]"></a>FPU_IRQHandler</STRONG> (Thumb, 0 bytes, Stack size 0 bytes, startup_gd32g5x3.o(.text))
<BR>[Address Reference Count : 1]<UL><LI> startup_gd32g5x3.o(RESET)
</UL>
<P><STRONG><a name="[64]"></a>HPDF_INT0_IRQHandler</STRONG> (Thumb, 0 bytes, Stack size 0 bytes, startup_gd32g5x3.o(.text))
<BR>[Address Reference Count : 1]<UL><LI> startup_gd32g5x3.o(RESET)
</UL>
<P><STRONG><a name="[65]"></a>HPDF_INT1_IRQHandler</STRONG> (Thumb, 0 bytes, Stack size 0 bytes, startup_gd32g5x3.o(.text))
<BR>[Address Reference Count : 1]<UL><LI> startup_gd32g5x3.o(RESET)
</UL>
<P><STRONG><a name="[66]"></a>HPDF_INT2_IRQHandler</STRONG> (Thumb, 0 bytes, Stack size 0 bytes, startup_gd32g5x3.o(.text))
<BR>[Address Reference Count : 1]<UL><LI> startup_gd32g5x3.o(RESET)
</UL>
<P><STRONG><a name="[67]"></a>HPDF_INT3_IRQHandler</STRONG> (Thumb, 0 bytes, Stack size 0 bytes, startup_gd32g5x3.o(.text))
<BR>[Address Reference Count : 1]<UL><LI> startup_gd32g5x3.o(RESET)
</UL>
<P><STRONG><a name="[47]"></a>HRTIMER_IRQ0_IRQHandler</STRONG> (Thumb, 0 bytes, Stack size 0 bytes, startup_gd32g5x3.o(.text))
<BR>[Address Reference Count : 1]<UL><LI> startup_gd32g5x3.o(RESET)
</UL>
<P><STRONG><a name="[48]"></a>HRTIMER_IRQ1_IRQHandler</STRONG> (Thumb, 0 bytes, Stack size 0 bytes, startup_gd32g5x3.o(.text))
<BR>[Address Reference Count : 1]<UL><LI> startup_gd32g5x3.o(RESET)
</UL>
<P><STRONG><a name="[49]"></a>HRTIMER_IRQ2_IRQHandler</STRONG> (Thumb, 0 bytes, Stack size 0 bytes, startup_gd32g5x3.o(.text))
<BR>[Address Reference Count : 1]<UL><LI> startup_gd32g5x3.o(RESET)
</UL>
<P><STRONG><a name="[4a]"></a>HRTIMER_IRQ3_IRQHandler</STRONG> (Thumb, 0 bytes, Stack size 0 bytes, startup_gd32g5x3.o(.text))
<BR>[Address Reference Count : 1]<UL><LI> startup_gd32g5x3.o(RESET)
</UL>
<P><STRONG><a name="[4b]"></a>HRTIMER_IRQ4_IRQHandler</STRONG> (Thumb, 0 bytes, Stack size 0 bytes, startup_gd32g5x3.o(.text))
<BR>[Address Reference Count : 1]<UL><LI> startup_gd32g5x3.o(RESET)
</UL>
<P><STRONG><a name="[4c]"></a>HRTIMER_IRQ5_IRQHandler</STRONG> (Thumb, 0 bytes, Stack size 0 bytes, startup_gd32g5x3.o(.text))
<BR>[Address Reference Count : 1]<UL><LI> startup_gd32g5x3.o(RESET)
</UL>
<P><STRONG><a name="[4d]"></a>HRTIMER_IRQ6_IRQHandler</STRONG> (Thumb, 0 bytes, Stack size 0 bytes, startup_gd32g5x3.o(.text))
<BR>[Address Reference Count : 1]<UL><LI> startup_gd32g5x3.o(RESET)
</UL>
<P><STRONG><a name="[4e]"></a>HRTIMER_IRQ7_IRQHandler</STRONG> (Thumb, 0 bytes, Stack size 0 bytes, startup_gd32g5x3.o(.text))
<BR>[Address Reference Count : 1]<UL><LI> startup_gd32g5x3.o(RESET)
</UL>
<P><STRONG><a name="[4f]"></a>HRTIMER_IRQ8_IRQHandler</STRONG> (Thumb, 0 bytes, Stack size 0 bytes, startup_gd32g5x3.o(.text))
<BR>[Address Reference Count : 1]<UL><LI> startup_gd32g5x3.o(RESET)
</UL>
<P><STRONG><a name="[50]"></a>HRTIMER_IRQ9_IRQHandler</STRONG> (Thumb, 0 bytes, Stack size 0 bytes, startup_gd32g5x3.o(.text))
<BR>[Address Reference Count : 1]<UL><LI> startup_gd32g5x3.o(RESET)
</UL>
<P><STRONG><a name="[26]"></a>I2C0_ER_IRQHandler</STRONG> (Thumb, 0 bytes, Stack size 0 bytes, startup_gd32g5x3.o(.text))
<BR>[Address Reference Count : 1]<UL><LI> startup_gd32g5x3.o(RESET)
</UL>
<P><STRONG><a name="[25]"></a>I2C0_EV_WKUP_IRQHandler</STRONG> (Thumb, 0 bytes, Stack size 0 bytes, startup_gd32g5x3.o(.text))
<BR>[Address Reference Count : 1]<UL><LI> startup_gd32g5x3.o(RESET)
</UL>
<P><STRONG><a name="[28]"></a>I2C1_ER_IRQHandler</STRONG> (Thumb, 0 bytes, Stack size 0 bytes, startup_gd32g5x3.o(.text))
<BR>[Address Reference Count : 1]<UL><LI> startup_gd32g5x3.o(RESET)
</UL>
<P><STRONG><a name="[27]"></a>I2C1_EV_WKUP_IRQHandler</STRONG> (Thumb, 0 bytes, Stack size 0 bytes, startup_gd32g5x3.o(.text))
<BR>[Address Reference Count : 1]<UL><LI> startup_gd32g5x3.o(RESET)
</UL>
<P><STRONG><a name="[57]"></a>I2C2_ER_IRQHandler</STRONG> (Thumb, 0 bytes, Stack size 0 bytes, startup_gd32g5x3.o(.text))
<BR>[Address Reference Count : 1]<UL><LI> startup_gd32g5x3.o(RESET)
</UL>
<P><STRONG><a name="[56]"></a>I2C2_EV_WKUP_IRQHandler</STRONG> (Thumb, 0 bytes, Stack size 0 bytes, startup_gd32g5x3.o(.text))
<BR>[Address Reference Count : 1]<UL><LI> startup_gd32g5x3.o(RESET)
</UL>
<P><STRONG><a name="[5b]"></a>I2C3_ER_IRQHandler</STRONG> (Thumb, 0 bytes, Stack size 0 bytes, startup_gd32g5x3.o(.text))
<BR>[Address Reference Count : 1]<UL><LI> startup_gd32g5x3.o(RESET)
</UL>
<P><STRONG><a name="[5a]"></a>I2C3_EV_WKUP_IRQHandler</STRONG> (Thumb, 0 bytes, Stack size 0 bytes, startup_gd32g5x3.o(.text))
<BR>[Address Reference Count : 1]<UL><LI> startup_gd32g5x3.o(RESET)
</UL>
<P><STRONG><a name="[36]"></a>LPTIMER_IRQHandler</STRONG> (Thumb, 0 bytes, Stack size 0 bytes, startup_gd32g5x3.o(.text))
<BR>[Address Reference Count : 1]<UL><LI> startup_gd32g5x3.o(RESET)
</UL>
<P><STRONG><a name="[b]"></a>LVD_VAVD_VOVD_VUVD_IRQHandler</STRONG> (Thumb, 0 bytes, Stack size 0 bytes, startup_gd32g5x3.o(.text))
<BR>[Address Reference Count : 1]<UL><LI> startup_gd32g5x3.o(RESET)
</UL>
<P><STRONG><a name="[5d]"></a>QSPI_IRQHandler</STRONG> (Thumb, 0 bytes, Stack size 0 bytes, startup_gd32g5x3.o(.text))
<BR>[Address Reference Count : 1]<UL><LI> startup_gd32g5x3.o(RESET)
</UL>
<P><STRONG><a name="[f]"></a>RCU_IRQHandler</STRONG> (Thumb, 0 bytes, Stack size 0 bytes, startup_gd32g5x3.o(.text))
<BR>[Address Reference Count : 1]<UL><LI> startup_gd32g5x3.o(RESET)
</UL>
<P><STRONG><a name="[2f]"></a>RTC_Alarm_IRQHandler</STRONG> (Thumb, 0 bytes, Stack size 0 bytes, startup_gd32g5x3.o(.text))
<BR>[Address Reference Count : 1]<UL><LI> startup_gd32g5x3.o(RESET)
</UL>
<P><STRONG><a name="[d]"></a>RTC_WKUP_IRQHandler</STRONG> (Thumb, 0 bytes, Stack size 0 bytes, startup_gd32g5x3.o(.text))
<BR>[Address Reference Count : 1]<UL><LI> startup_gd32g5x3.o(RESET)
</UL>
<P><STRONG><a name="[29]"></a>SPI0_IRQHandler</STRONG> (Thumb, 0 bytes, Stack size 0 bytes, startup_gd32g5x3.o(.text))
<BR>[Address Reference Count : 1]<UL><LI> startup_gd32g5x3.o(RESET)
</UL>
<P><STRONG><a name="[2a]"></a>SPI1_IRQHandler</STRONG> (Thumb, 0 bytes, Stack size 0 bytes, startup_gd32g5x3.o(.text))
<BR>[Address Reference Count : 1]<UL><LI> startup_gd32g5x3.o(RESET)
</UL>
<P><STRONG><a name="[38]"></a>SPI2_IRQHandler</STRONG> (Thumb, 0 bytes, Stack size 0 bytes, startup_gd32g5x3.o(.text))
<BR>[Address Reference Count : 1]<UL><LI> startup_gd32g5x3.o(RESET)
</UL>
<P><STRONG><a name="[35]"></a>SYSCFG_IRQHandler</STRONG> (Thumb, 0 bytes, Stack size 0 bytes, startup_gd32g5x3.o(.text))
<BR>[Address Reference Count : 1]<UL><LI> startup_gd32g5x3.o(RESET)
</UL>
<P><STRONG><a name="[c]"></a>TAMPER_IRQHandler</STRONG> (Thumb, 0 bytes, Stack size 0 bytes, startup_gd32g5x3.o(.text))
<BR>[Address Reference Count : 1]<UL><LI> startup_gd32g5x3.o(RESET)
</UL>
<P><STRONG><a name="[1e]"></a>TIMER0_BRK_IRQHandler</STRONG> (Thumb, 0 bytes, Stack size 0 bytes, startup_gd32g5x3.o(.text))
<BR>[Address Reference Count : 1]<UL><LI> startup_gd32g5x3.o(RESET)
</UL>
<P><STRONG><a name="[21]"></a>TIMER0_Channel_IRQHandler</STRONG> (Thumb, 0 bytes, Stack size 0 bytes, startup_gd32g5x3.o(.text))
<BR>[Address Reference Count : 1]<UL><LI> startup_gd32g5x3.o(RESET)
</UL>
<P><STRONG><a name="[80]"></a>TIMER0_DEC_IRQHandler</STRONG> (Thumb, 0 bytes, Stack size 0 bytes, startup_gd32g5x3.o(.text))
<BR>[Address Reference Count : 1]<UL><LI> startup_gd32g5x3.o(RESET)
</UL>
<P><STRONG><a name="[20]"></a>TIMER0_TRG_CMT_IDX_IRQHandler</STRONG> (Thumb, 0 bytes, Stack size 0 bytes, startup_gd32g5x3.o(.text))
<BR>[Address Reference Count : 1]<UL><LI> startup_gd32g5x3.o(RESET)
</UL>
<P><STRONG><a name="[1f]"></a>TIMER0_UP_IRQHandler</STRONG> (Thumb, 0 bytes, Stack size 0 bytes, startup_gd32g5x3.o(.text))
<BR>[Address Reference Count : 1]<UL><LI> startup_gd32g5x3.o(RESET)
</UL>
<P><STRONG><a name="[68]"></a>TIMER14_IRQHandler</STRONG> (Thumb, 0 bytes, Stack size 0 bytes, startup_gd32g5x3.o(.text))
<BR>[Address Reference Count : 1]<UL><LI> startup_gd32g5x3.o(RESET)
</UL>
<P><STRONG><a name="[69]"></a>TIMER15_IRQHandler</STRONG> (Thumb, 0 bytes, Stack size 0 bytes, startup_gd32g5x3.o(.text))
<BR>[Address Reference Count : 1]<UL><LI> startup_gd32g5x3.o(RESET)
</UL>
<P><STRONG><a name="[6a]"></a>TIMER16_IRQHandler</STRONG> (Thumb, 0 bytes, Stack size 0 bytes, startup_gd32g5x3.o(.text))
<BR>[Address Reference Count : 1]<UL><LI> startup_gd32g5x3.o(RESET)
</UL>
<P><STRONG><a name="[51]"></a>TIMER19_BRK_TRS_IDX_IRQHandler</STRONG> (Thumb, 0 bytes, Stack size 0 bytes, startup_gd32g5x3.o(.text))
<BR>[Address Reference Count : 1]<UL><LI> startup_gd32g5x3.o(RESET)
</UL>
<P><STRONG><a name="[54]"></a>TIMER19_Channel_IRQHandler</STRONG> (Thumb, 0 bytes, Stack size 0 bytes, startup_gd32g5x3.o(.text))
<BR>[Address Reference Count : 1]<UL><LI> startup_gd32g5x3.o(RESET)
</UL>
<P><STRONG><a name="[86]"></a>TIMER19_DEC_IRQHandler</STRONG> (Thumb, 0 bytes, Stack size 0 bytes, startup_gd32g5x3.o(.text))
<BR>[Address Reference Count : 1]<UL><LI> startup_gd32g5x3.o(RESET)
</UL>
<P><STRONG><a name="[53]"></a>TIMER19_TRG_CMT_IDX_IRQHandler</STRONG> (Thumb, 0 bytes, Stack size 0 bytes, startup_gd32g5x3.o(.text))
<BR>[Address Reference Count : 1]<UL><LI> startup_gd32g5x3.o(RESET)
</UL>
<P><STRONG><a name="[52]"></a>TIMER19_UP_IRQHandler</STRONG> (Thumb, 0 bytes, Stack size 0 bytes, startup_gd32g5x3.o(.text))
<BR>[Address Reference Count : 1]<UL><LI> startup_gd32g5x3.o(RESET)
</UL>
<P><STRONG><a name="[81]"></a>TIMER1_DEC_IRQHandler</STRONG> (Thumb, 0 bytes, Stack size 0 bytes, startup_gd32g5x3.o(.text))
<BR>[Address Reference Count : 1]<UL><LI> startup_gd32g5x3.o(RESET)
</UL>
<P><STRONG><a name="[22]"></a>TIMER1_IRQHandler</STRONG> (Thumb, 0 bytes, Stack size 0 bytes, startup_gd32g5x3.o(.text))
<BR>[Address Reference Count : 1]<UL><LI> startup_gd32g5x3.o(RESET)
</UL>
<P><STRONG><a name="[82]"></a>TIMER2_DEC_IRQHandler</STRONG> (Thumb, 0 bytes, Stack size 0 bytes, startup_gd32g5x3.o(.text))
<BR>[Address Reference Count : 1]<UL><LI> startup_gd32g5x3.o(RESET)
</UL>
<P><STRONG><a name="[23]"></a>TIMER2_IRQHandler</STRONG> (Thumb, 0 bytes, Stack size 0 bytes, startup_gd32g5x3.o(.text))
<BR>[Address Reference Count : 1]<UL><LI> startup_gd32g5x3.o(RESET)
</UL>
<P><STRONG><a name="[83]"></a>TIMER3_DEC_IRQHandler</STRONG> (Thumb, 0 bytes, Stack size 0 bytes, startup_gd32g5x3.o(.text))
<BR>[Address Reference Count : 1]<UL><LI> startup_gd32g5x3.o(RESET)
</UL>
<P><STRONG><a name="[24]"></a>TIMER3_IRQHandler</STRONG> (Thumb, 0 bytes, Stack size 0 bytes, startup_gd32g5x3.o(.text))
<BR>[Address Reference Count : 1]<UL><LI> startup_gd32g5x3.o(RESET)
</UL>
<P><STRONG><a name="[84]"></a>TIMER4_DEC_IRQHandler</STRONG> (Thumb, 0 bytes, Stack size 0 bytes, startup_gd32g5x3.o(.text))
<BR>[Address Reference Count : 1]<UL><LI> startup_gd32g5x3.o(RESET)
</UL>
<P><STRONG><a name="[37]"></a>TIMER4_IRQHandler</STRONG> (Thumb, 0 bytes, Stack size 0 bytes, startup_gd32g5x3.o(.text))
<BR>[Address Reference Count : 1]<UL><LI> startup_gd32g5x3.o(RESET)
</UL>
<P><STRONG><a name="[3b]"></a>TIMER5_DAC0_2_UDR_IRQHandler</STRONG> (Thumb, 0 bytes, Stack size 0 bytes, startup_gd32g5x3.o(.text))
<BR>[Address Reference Count : 1]<UL><LI> startup_gd32g5x3.o(RESET)
</UL>
<P><STRONG><a name="[3c]"></a>TIMER6_DAC1_3_UDR_IRQHandler</STRONG> (Thumb, 0 bytes, Stack size 0 bytes, startup_gd32g5x3.o(.text))
<BR>[Address Reference Count : 1]<UL><LI> startup_gd32g5x3.o(RESET)
</UL>
<P><STRONG><a name="[30]"></a>TIMER7_BRK_TRS_IDX_IRQHandler</STRONG> (Thumb, 0 bytes, Stack size 0 bytes, startup_gd32g5x3.o(.text))
<BR>[Address Reference Count : 1]<UL><LI> startup_gd32g5x3.o(RESET)
</UL>
<P><STRONG><a name="[33]"></a>TIMER7_Channel_IRQHandler</STRONG> (Thumb, 0 bytes, Stack size 0 bytes, startup_gd32g5x3.o(.text))
<BR>[Address Reference Count : 1]<UL><LI> startup_gd32g5x3.o(RESET)
</UL>
<P><STRONG><a name="[85]"></a>TIMER7_DEC_IRQHandler</STRONG> (Thumb, 0 bytes, Stack size 0 bytes, startup_gd32g5x3.o(.text))
<BR>[Address Reference Count : 1]<UL><LI> startup_gd32g5x3.o(RESET)
</UL>
<P><STRONG><a name="[32]"></a>TIMER7_TRG_CMT_IDX_IRQHandler</STRONG> (Thumb, 0 bytes, Stack size 0 bytes, startup_gd32g5x3.o(.text))
<BR>[Address Reference Count : 1]<UL><LI> startup_gd32g5x3.o(RESET)
</UL>
<P><STRONG><a name="[31]"></a>TIMER7_UP_IRQHandler</STRONG> (Thumb, 0 bytes, Stack size 0 bytes, startup_gd32g5x3.o(.text))
<BR>[Address Reference Count : 1]<UL><LI> startup_gd32g5x3.o(RESET)
</UL>
<P><STRONG><a name="[62]"></a>TMU_IRQHandler</STRONG> (Thumb, 0 bytes, Stack size 0 bytes, startup_gd32g5x3.o(.text))
<BR>[Address Reference Count : 1]<UL><LI> startup_gd32g5x3.o(RESET)
</UL>
<P><STRONG><a name="[59]"></a>TRNG_IRQHandler</STRONG> (Thumb, 0 bytes, Stack size 0 bytes, startup_gd32g5x3.o(.text))
<BR>[Address Reference Count : 1]<UL><LI> startup_gd32g5x3.o(RESET)
</UL>
<P><STRONG><a name="[39]"></a>UART3_IRQHandler</STRONG> (Thumb, 0 bytes, Stack size 0 bytes, startup_gd32g5x3.o(.text))
<BR>[Address Reference Count : 1]<UL><LI> startup_gd32g5x3.o(RESET)
</UL>
<P><STRONG><a name="[3a]"></a>UART4_IRQHandler</STRONG> (Thumb, 0 bytes, Stack size 0 bytes, startup_gd32g5x3.o(.text))
<BR>[Address Reference Count : 1]<UL><LI> startup_gd32g5x3.o(RESET)
</UL>
<P><STRONG><a name="[2d]"></a>USART2_IRQHandler</STRONG> (Thumb, 0 bytes, Stack size 0 bytes, startup_gd32g5x3.o(.text))
<BR>[Address Reference Count : 1]<UL><LI> startup_gd32g5x3.o(RESET)
</UL>
<P><STRONG><a name="[43]"></a>VUVD1_VOVD1_IRQHandler</STRONG> (Thumb, 0 bytes, Stack size 0 bytes, startup_gd32g5x3.o(.text))
<BR>[Address Reference Count : 1]<UL><LI> startup_gd32g5x3.o(RESET)
</UL>
<P><STRONG><a name="[a]"></a>WWDGT_IRQHandler</STRONG> (Thumb, 0 bytes, Stack size 0 bytes, startup_gd32g5x3.o(.text))
<BR>[Address Reference Count : 1]<UL><LI> startup_gd32g5x3.o(RESET)
</UL>
<P><STRONG><a name="[9e]"></a>__aeabi_memcpy</STRONG> (Thumb, 36 bytes, Stack size 0 bytes, memcpya.o(.text))
<BR><BR>[Called By]<UL><LI><a href="#[9d]">&gt;&gt;</a>&nbsp;&nbsp;&nbsp;ModBus_CRC16
</UL>

<P><STRONG><a name="[104]"></a>__aeabi_memcpy4</STRONG> (Thumb, 0 bytes, Stack size 0 bytes, memcpya.o(.text), UNUSED)

<P><STRONG><a name="[105]"></a>__aeabi_memcpy8</STRONG> (Thumb, 0 bytes, Stack size 0 bytes, memcpya.o(.text), UNUSED)

<P><STRONG><a name="[8f]"></a>__aeabi_memset</STRONG> (Thumb, 14 bytes, Stack size 0 bytes, memseta.o(.text), UNUSED)
<BR><BR>[Called By]<UL><LI><a href="#[90]">&gt;&gt;</a>&nbsp;&nbsp;&nbsp;_memset$wrapper
<LI><a href="#[8e]">&gt;&gt;</a>&nbsp;&nbsp;&nbsp;__aeabi_memclr
</UL>

<P><STRONG><a name="[106]"></a>__aeabi_memset4</STRONG> (Thumb, 0 bytes, Stack size 0 bytes, memseta.o(.text), UNUSED)

<P><STRONG><a name="[107]"></a>__aeabi_memset8</STRONG> (Thumb, 0 bytes, Stack size 0 bytes, memseta.o(.text), UNUSED)

<P><STRONG><a name="[8e]"></a>__aeabi_memclr</STRONG> (Thumb, 4 bytes, Stack size 0 bytes, memseta.o(.text), UNUSED)
<BR><BR>[Calls]<UL><LI><a href="#[8f]">&gt;&gt;</a>&nbsp;&nbsp;&nbsp;__aeabi_memset
</UL>

<P><STRONG><a name="[be]"></a>__aeabi_memclr4</STRONG> (Thumb, 0 bytes, Stack size 0 bytes, memseta.o(.text))
<BR><BR>[Called By]<UL><LI><a href="#[bd]">&gt;&gt;</a>&nbsp;&nbsp;&nbsp;ModBus_Init
</UL>

<P><STRONG><a name="[108]"></a>__aeabi_memclr8</STRONG> (Thumb, 0 bytes, Stack size 0 bytes, memseta.o(.text), UNUSED)

<P><STRONG><a name="[90]"></a>_memset$wrapper</STRONG> (Thumb, 18 bytes, Stack size 8 bytes, memseta.o(.text), UNUSED)
<BR><BR>[Calls]<UL><LI><a href="#[8f]">&gt;&gt;</a>&nbsp;&nbsp;&nbsp;__aeabi_memset
</UL>

<P><STRONG><a name="[8d]"></a>__scatterload</STRONG> (Thumb, 28 bytes, Stack size 0 bytes, init.o(.text))
<BR><BR>[Calls]<UL><LI><a href="#[91]">&gt;&gt;</a>&nbsp;&nbsp;&nbsp;__main_after_scatterload
</UL>
<BR>[Called By]<UL><LI><a href="#[8c]">&gt;&gt;</a>&nbsp;&nbsp;&nbsp;_main_scatterload
</UL>

<P><STRONG><a name="[109]"></a>__scatterload_rt2</STRONG> (Thumb, 0 bytes, Stack size 0 bytes, init.o(.text), UNUSED)

<P><STRONG><a name="[a7]"></a>BigEndianBytesArray_To_Uint16</STRONG> (Thumb, 66 bytes, Stack size 16 bytes, user_convert_int_bytesarray.o(.text.BigEndianBytesArray_To_Uint16))
<BR><BR>[Stack]<UL><LI>Max Depth = 16<LI>Call Chain = BigEndianBytesArray_To_Uint16
</UL>
<BR>[Called By]<UL><LI><a href="#[a1]">&gt;&gt;</a>&nbsp;&nbsp;&nbsp;ModBus_Command_Decode_Read_Holding_Registers
<LI><a href="#[a4]">&gt;&gt;</a>&nbsp;&nbsp;&nbsp;ModBus_Command_Decode_General_Func
<LI><a href="#[a3]">&gt;&gt;</a>&nbsp;&nbsp;&nbsp;ModBus_Command_Decode_Program_Flash
</UL>

<P><STRONG><a name="[b8]"></a>BigEndianBytesArray_To_Uint32</STRONG> (Thumb, 64 bytes, Stack size 16 bytes, user_convert_int_bytesarray.o(.text.BigEndianBytesArray_To_Uint32))
<BR><BR>[Stack]<UL><LI>Max Depth = 16<LI>Call Chain = BigEndianBytesArray_To_Uint32
</UL>
<BR>[Called By]<UL><LI><a href="#[af]">&gt;&gt;</a>&nbsp;&nbsp;&nbsp;ModBus_Command_Decode_General_Func_Write_Stored_CRC
<LI><a href="#[a9]">&gt;&gt;</a>&nbsp;&nbsp;&nbsp;ModBus_Command_Decode_General_Func_Write_App_Length
<LI><a href="#[a3]">&gt;&gt;</a>&nbsp;&nbsp;&nbsp;ModBus_Command_Decode_Program_Flash
<LI><a href="#[a2]">&gt;&gt;</a>&nbsp;&nbsp;&nbsp;ModBus_Command_Decode_Upgrade_Info
</UL>

<P><STRONG><a name="[92]"></a>Bootloader_CheckApp</STRONG> (Thumb, 74 bytes, Stack size 24 bytes, bootloader.o(.text.Bootloader_CheckApp))
<BR><BR>[Stack]<UL><LI>Max Depth = 68<LI>Call Chain = Bootloader_CheckApp &rArr; Bootloader_GetAppCRC &rArr; crc_block_data_calculate
</UL>
<BR>[Calls]<UL><LI><a href="#[93]">&gt;&gt;</a>&nbsp;&nbsp;&nbsp;Bootloader_GetAppCRC
</UL>
<BR>[Called By]<UL><LI><a href="#[ae]">&gt;&gt;</a>&nbsp;&nbsp;&nbsp;ModBus_Command_Decode_General_Func_Read_Stored_CRC
</UL>

<P><STRONG><a name="[b5]"></a>Bootloader_EraseApp</STRONG> (Thumb, 16 bytes, Stack size 8 bytes, bootloader.o(.text.Bootloader_EraseApp))
<BR><BR>[Stack]<UL><LI>Max Depth = 8<LI>Call Chain = Bootloader_EraseApp
</UL>
<BR>[Called By]<UL><LI><a href="#[b0]">&gt;&gt;</a>&nbsp;&nbsp;&nbsp;ModBus_Command_Decode_General_Func_Erase_App
</UL>

<P><STRONG><a name="[93]"></a>Bootloader_GetAppCRC</STRONG> (Thumb, 76 bytes, Stack size 24 bytes, bootloader.o(.text.Bootloader_GetAppCRC))
<BR><BR>[Stack]<UL><LI>Max Depth = 44<LI>Call Chain = Bootloader_GetAppCRC &rArr; crc_block_data_calculate
</UL>
<BR>[Calls]<UL><LI><a href="#[95]">&gt;&gt;</a>&nbsp;&nbsp;&nbsp;crc_block_data_calculate
<LI><a href="#[94]">&gt;&gt;</a>&nbsp;&nbsp;&nbsp;crc_deinit
</UL>
<BR>[Called By]<UL><LI><a href="#[ad]">&gt;&gt;</a>&nbsp;&nbsp;&nbsp;ModBus_Command_Decode_General_Func_Check_Upgrade
<LI><a href="#[ac]">&gt;&gt;</a>&nbsp;&nbsp;&nbsp;ModBus_Command_Decode_General_Func_App_Checksum
<LI><a href="#[92]">&gt;&gt;</a>&nbsp;&nbsp;&nbsp;Bootloader_CheckApp
</UL>

<P><STRONG><a name="[b7]"></a>Bootloader_GethwID</STRONG> (Thumb, 4 bytes, Stack size 0 bytes, bootloader.o(.text.Bootloader_GethwID))
<BR><BR>[Called By]<UL><LI><a href="#[aa]">&gt;&gt;</a>&nbsp;&nbsp;&nbsp;ModBus_Command_Decode_General_Func_Read_HW_ID
</UL>

<P><STRONG><a name="[f6]"></a>Bootloader_Hal_Init</STRONG> (Thumb, 220 bytes, Stack size 0 bytes, bootloader.o(.text.Bootloader_Hal_Init))
<BR><BR>[Called By]<UL><LI><a href="#[87]">&gt;&gt;</a>&nbsp;&nbsp;&nbsp;main
</UL>

<P><STRONG><a name="[ba]"></a>Bootloader_ProgramBlock</STRONG> (Thumb, 18 bytes, Stack size 24 bytes, bootloader.o(.text.Bootloader_ProgramBlock))
<BR><BR>[Stack]<UL><LI>Max Depth = 24<LI>Call Chain = Bootloader_ProgramBlock
</UL>
<BR>[Called By]<UL><LI><a href="#[a3]">&gt;&gt;</a>&nbsp;&nbsp;&nbsp;ModBus_Command_Decode_Program_Flash
</UL>

<P><STRONG><a name="[b6]"></a>Bootloader_Read_App_Size</STRONG> (Thumb, 12 bytes, Stack size 0 bytes, bootloader.o(.text.Bootloader_Read_App_Size))
<BR><BR>[Called By]<UL><LI><a href="#[a8]">&gt;&gt;</a>&nbsp;&nbsp;&nbsp;ModBus_Command_Decode_General_Func_Read_App_Length
</UL>

<P><STRONG><a name="[b1]"></a>Bootloader_Set_Jump_Flag</STRONG> (Thumb, 20 bytes, Stack size 4 bytes, bootloader.o(.text.Bootloader_Set_Jump_Flag))
<BR><BR>[Stack]<UL><LI>Max Depth = 4<LI>Call Chain = Bootloader_Set_Jump_Flag
</UL>
<BR>[Called By]<UL><LI><a href="#[a4]">&gt;&gt;</a>&nbsp;&nbsp;&nbsp;ModBus_Command_Decode_General_Func
</UL>

<P><STRONG><a name="[b4]"></a>Bootloader_Write_App_CRC</STRONG> (Thumb, 10 bytes, Stack size 8 bytes, bootloader.o(.text.Bootloader_Write_App_CRC))
<BR><BR>[Stack]<UL><LI>Max Depth = 8<LI>Call Chain = Bootloader_Write_App_CRC
</UL>
<BR>[Called By]<UL><LI><a href="#[af]">&gt;&gt;</a>&nbsp;&nbsp;&nbsp;ModBus_Command_Decode_General_Func_Write_Stored_CRC
<LI><a href="#[ad]">&gt;&gt;</a>&nbsp;&nbsp;&nbsp;ModBus_Command_Decode_General_Func_Check_Upgrade
</UL>

<P><STRONG><a name="[b3]"></a>Bootloader_Write_App_Size</STRONG> (Thumb, 10 bytes, Stack size 8 bytes, bootloader.o(.text.Bootloader_Write_App_Size))
<BR><BR>[Stack]<UL><LI>Max Depth = 8<LI>Call Chain = Bootloader_Write_App_Size
</UL>
<BR>[Called By]<UL><LI><a href="#[ad]">&gt;&gt;</a>&nbsp;&nbsp;&nbsp;ModBus_Command_Decode_General_Func_Check_Upgrade
<LI><a href="#[a9]">&gt;&gt;</a>&nbsp;&nbsp;&nbsp;ModBus_Command_Decode_General_Func_Write_App_Length
</UL>

<P><STRONG><a name="[4]"></a>BusFault_Handler</STRONG> (Thumb, 4 bytes, Stack size 0 bytes, gd32g5x3_it.o(.text.BusFault_Handler))
<BR>[Address Reference Count : 1]<UL><LI> startup_gd32g5x3.o(RESET)
</UL>
<P><STRONG><a name="[15]"></a>DMA0_Channel0_IRQHandler</STRONG> (Thumb, 80 bytes, Stack size 24 bytes, gd32g5x3_it.o(.text.DMA0_Channel0_IRQHandler))
<BR><BR>[Stack]<UL><LI>Max Depth = 52<LI>Call Chain = DMA0_Channel0_IRQHandler &rArr; dma_interrupt_flag_get
</UL>
<BR>[Calls]<UL><LI><a href="#[9a]">&gt;&gt;</a>&nbsp;&nbsp;&nbsp;usart_interrupt_enable
<LI><a href="#[99]">&gt;&gt;</a>&nbsp;&nbsp;&nbsp;dma_interrupt_disable
<LI><a href="#[97]">&gt;&gt;</a>&nbsp;&nbsp;&nbsp;dma_interrupt_flag_clear
<LI><a href="#[96]">&gt;&gt;</a>&nbsp;&nbsp;&nbsp;dma_interrupt_flag_get
<LI><a href="#[98]">&gt;&gt;</a>&nbsp;&nbsp;&nbsp;dma_channel_disable
</UL>
<BR>[Address Reference Count : 1]<UL><LI> startup_gd32g5x3.o(RESET)
</UL>
<P><STRONG><a name="[18]"></a>DMA0_Channel3_IRQHandler</STRONG> (Thumb, 80 bytes, Stack size 24 bytes, gd32g5x3_it.o(.text.DMA0_Channel3_IRQHandler))
<BR><BR>[Stack]<UL><LI>Max Depth = 52<LI>Call Chain = DMA0_Channel3_IRQHandler &rArr; dma_interrupt_flag_get
</UL>
<BR>[Calls]<UL><LI><a href="#[9a]">&gt;&gt;</a>&nbsp;&nbsp;&nbsp;usart_interrupt_enable
<LI><a href="#[99]">&gt;&gt;</a>&nbsp;&nbsp;&nbsp;dma_interrupt_disable
<LI><a href="#[97]">&gt;&gt;</a>&nbsp;&nbsp;&nbsp;dma_interrupt_flag_clear
<LI><a href="#[96]">&gt;&gt;</a>&nbsp;&nbsp;&nbsp;dma_interrupt_flag_get
<LI><a href="#[98]">&gt;&gt;</a>&nbsp;&nbsp;&nbsp;dma_channel_disable
</UL>
<BR>[Address Reference Count : 1]<UL><LI> startup_gd32g5x3.o(RESET)
</UL>
<P><STRONG><a name="[19]"></a>DMA0_Channel4_IRQHandler</STRONG> (Thumb, 42 bytes, Stack size 8 bytes, gd32g5x3_it.o(.text.DMA0_Channel4_IRQHandler))
<BR><BR>[Stack]<UL><LI>Max Depth = 36<LI>Call Chain = DMA0_Channel4_IRQHandler &rArr; dma_interrupt_flag_get
</UL>
<BR>[Calls]<UL><LI><a href="#[9b]">&gt;&gt;</a>&nbsp;&nbsp;&nbsp;i2c_dma_tx_callback
<LI><a href="#[97]">&gt;&gt;</a>&nbsp;&nbsp;&nbsp;dma_interrupt_flag_clear
<LI><a href="#[96]">&gt;&gt;</a>&nbsp;&nbsp;&nbsp;dma_interrupt_flag_get
</UL>
<BR>[Address Reference Count : 1]<UL><LI> startup_gd32g5x3.o(RESET)
</UL>
<P><STRONG><a name="[1a]"></a>DMA0_Channel5_IRQHandler</STRONG> (Thumb, 42 bytes, Stack size 8 bytes, gd32g5x3_it.o(.text.DMA0_Channel5_IRQHandler))
<BR><BR>[Stack]<UL><LI>Max Depth = 36<LI>Call Chain = DMA0_Channel5_IRQHandler &rArr; dma_interrupt_flag_get
</UL>
<BR>[Calls]<UL><LI><a href="#[9c]">&gt;&gt;</a>&nbsp;&nbsp;&nbsp;i2c_dma_rx_callback
<LI><a href="#[97]">&gt;&gt;</a>&nbsp;&nbsp;&nbsp;dma_interrupt_flag_clear
<LI><a href="#[96]">&gt;&gt;</a>&nbsp;&nbsp;&nbsp;dma_interrupt_flag_get
</UL>
<BR>[Address Reference Count : 1]<UL><LI> startup_gd32g5x3.o(RESET)
</UL>
<P><STRONG><a name="[7]"></a>DebugMon_Handler</STRONG> (Thumb, 4 bytes, Stack size 0 bytes, gd32g5x3_it.o(.text.DebugMon_Handler))
<BR>[Address Reference Count : 1]<UL><LI> startup_gd32g5x3.o(RESET)
</UL>
<P><STRONG><a name="[b9]"></a>Decrypt_Block_Data</STRONG> (Thumb, 86 bytes, Stack size 12 bytes, decrypt_block_data.o(.text.Decrypt_Block_Data))
<BR><BR>[Stack]<UL><LI>Max Depth = 12<LI>Call Chain = Decrypt_Block_Data
</UL>
<BR>[Called By]<UL><LI><a href="#[a3]">&gt;&gt;</a>&nbsp;&nbsp;&nbsp;ModBus_Command_Decode_Program_Flash
</UL>

<P><STRONG><a name="[bc]"></a>Decryption_Init</STRONG> (Thumb, 48 bytes, Stack size 4 bytes, decrypt_block_data.o(.text.Decryption_Init))
<BR><BR>[Stack]<UL><LI>Max Depth = 4<LI>Call Chain = Decryption_Init
</UL>
<BR>[Called By]<UL><LI><a href="#[a2]">&gt;&gt;</a>&nbsp;&nbsp;&nbsp;ModBus_Command_Decode_Upgrade_Info
</UL>

<P><STRONG><a name="[2]"></a>HardFault_Handler</STRONG> (Thumb, 4 bytes, Stack size 0 bytes, gd32g5x3_it.o(.text.HardFault_Handler))
<BR>[Address Reference Count : 1]<UL><LI> startup_gd32g5x3.o(RESET)
</UL>
<P><STRONG><a name="[3]"></a>MemManage_Handler</STRONG> (Thumb, 4 bytes, Stack size 0 bytes, gd32g5x3_it.o(.text.MemManage_Handler))
<BR>[Address Reference Count : 1]<UL><LI> startup_gd32g5x3.o(RESET)
</UL>
<P><STRONG><a name="[9d]"></a>ModBus_CRC16</STRONG> (Thumb, 150 bytes, Stack size 56 bytes, modbus_crc.o(.text.ModBus_CRC16))
<BR><BR>[Stack]<UL><LI>Max Depth = 56<LI>Call Chain = ModBus_CRC16
</UL>
<BR>[Calls]<UL><LI><a href="#[9e]">&gt;&gt;</a>&nbsp;&nbsp;&nbsp;__aeabi_memcpy
</UL>
<BR>[Called By]<UL><LI><a href="#[a6]">&gt;&gt;</a>&nbsp;&nbsp;&nbsp;ModBus_Fill_CRC16
<LI><a href="#[9f]">&gt;&gt;</a>&nbsp;&nbsp;&nbsp;ModBus_CRC16_Check
</UL>

<P><STRONG><a name="[9f]"></a>ModBus_CRC16_Check</STRONG> (Thumb, 174 bytes, Stack size 24 bytes, modbus_crc.o(.text.ModBus_CRC16_Check))
<BR><BR>[Stack]<UL><LI>Max Depth = 80<LI>Call Chain = ModBus_CRC16_Check &rArr; ModBus_CRC16
</UL>
<BR>[Calls]<UL><LI><a href="#[9d]">&gt;&gt;</a>&nbsp;&nbsp;&nbsp;ModBus_CRC16
</UL>
<BR>[Called By]<UL><LI><a href="#[bf]">&gt;&gt;</a>&nbsp;&nbsp;&nbsp;ModBus_Slave_Process
</UL>

<P><STRONG><a name="[a0]"></a>ModBus_Command_Decode</STRONG> (Thumb, 122 bytes, Stack size 32 bytes, user_modbus_command_decode.o(.text.ModBus_Command_Decode))
<BR><BR>[Stack]<UL><LI>Max Depth = 168<LI>Call Chain = ModBus_Command_Decode &rArr; ModBus_Command_Decode_General_Func &rArr; ModBus_Command_Decode_General_Func_Write_Stored_CRC &rArr; ModBus_Fill_CRC16 &rArr; ModBus_CRC16
</UL>
<BR>[Calls]<UL><LI><a href="#[a1]">&gt;&gt;</a>&nbsp;&nbsp;&nbsp;ModBus_Command_Decode_Read_Holding_Registers
<LI><a href="#[a4]">&gt;&gt;</a>&nbsp;&nbsp;&nbsp;ModBus_Command_Decode_General_Func
<LI><a href="#[a3]">&gt;&gt;</a>&nbsp;&nbsp;&nbsp;ModBus_Command_Decode_Program_Flash
<LI><a href="#[a2]">&gt;&gt;</a>&nbsp;&nbsp;&nbsp;ModBus_Command_Decode_Upgrade_Info
<LI><a href="#[a5]">&gt;&gt;</a>&nbsp;&nbsp;&nbsp;ModBus_Command_Decode_Feedback_Error
</UL>
<BR>[Called By]<UL><LI><a href="#[bf]">&gt;&gt;</a>&nbsp;&nbsp;&nbsp;ModBus_Slave_Process
</UL>

<P><STRONG><a name="[a5]"></a>ModBus_Command_Decode_Feedback_Error</STRONG> (Thumb, 58 bytes, Stack size 24 bytes, user_modbus_command_decode.o(.text.ModBus_Command_Decode_Feedback_Error))
<BR><BR>[Stack]<UL><LI>Max Depth = 96<LI>Call Chain = ModBus_Command_Decode_Feedback_Error &rArr; ModBus_Fill_CRC16 &rArr; ModBus_CRC16
</UL>
<BR>[Calls]<UL><LI><a href="#[a6]">&gt;&gt;</a>&nbsp;&nbsp;&nbsp;ModBus_Fill_CRC16
</UL>
<BR>[Called By]<UL><LI><a href="#[a1]">&gt;&gt;</a>&nbsp;&nbsp;&nbsp;ModBus_Command_Decode_Read_Holding_Registers
<LI><a href="#[a4]">&gt;&gt;</a>&nbsp;&nbsp;&nbsp;ModBus_Command_Decode_General_Func
<LI><a href="#[a0]">&gt;&gt;</a>&nbsp;&nbsp;&nbsp;ModBus_Command_Decode
</UL>

<P><STRONG><a name="[a4]"></a>ModBus_Command_Decode_General_Func</STRONG> (Thumb, 284 bytes, Stack size 32 bytes, user_modbus_command_decode.o(.text.ModBus_Command_Decode_General_Func))
<BR><BR>[Stack]<UL><LI>Max Depth = 136<LI>Call Chain = ModBus_Command_Decode_General_Func &rArr; ModBus_Command_Decode_General_Func_Write_Stored_CRC &rArr; ModBus_Fill_CRC16 &rArr; ModBus_CRC16
</UL>
<BR>[Calls]<UL><LI><a href="#[b0]">&gt;&gt;</a>&nbsp;&nbsp;&nbsp;ModBus_Command_Decode_General_Func_Erase_App
<LI><a href="#[af]">&gt;&gt;</a>&nbsp;&nbsp;&nbsp;ModBus_Command_Decode_General_Func_Write_Stored_CRC
<LI><a href="#[ae]">&gt;&gt;</a>&nbsp;&nbsp;&nbsp;ModBus_Command_Decode_General_Func_Read_Stored_CRC
<LI><a href="#[ad]">&gt;&gt;</a>&nbsp;&nbsp;&nbsp;ModBus_Command_Decode_General_Func_Check_Upgrade
<LI><a href="#[ac]">&gt;&gt;</a>&nbsp;&nbsp;&nbsp;ModBus_Command_Decode_General_Func_App_Checksum
<LI><a href="#[ab]">&gt;&gt;</a>&nbsp;&nbsp;&nbsp;ModBus_Command_Decode_General_Func_Write_HW_ID
<LI><a href="#[aa]">&gt;&gt;</a>&nbsp;&nbsp;&nbsp;ModBus_Command_Decode_General_Func_Read_HW_ID
<LI><a href="#[a9]">&gt;&gt;</a>&nbsp;&nbsp;&nbsp;ModBus_Command_Decode_General_Func_Write_App_Length
<LI><a href="#[a8]">&gt;&gt;</a>&nbsp;&nbsp;&nbsp;ModBus_Command_Decode_General_Func_Read_App_Length
<LI><a href="#[a7]">&gt;&gt;</a>&nbsp;&nbsp;&nbsp;BigEndianBytesArray_To_Uint16
<LI><a href="#[a5]">&gt;&gt;</a>&nbsp;&nbsp;&nbsp;ModBus_Command_Decode_Feedback_Error
<LI><a href="#[b1]">&gt;&gt;</a>&nbsp;&nbsp;&nbsp;Bootloader_Set_Jump_Flag
</UL>
<BR>[Called By]<UL><LI><a href="#[a0]">&gt;&gt;</a>&nbsp;&nbsp;&nbsp;ModBus_Command_Decode
</UL>

<P><STRONG><a name="[ac]"></a>ModBus_Command_Decode_General_Func_App_Checksum</STRONG> (Thumb, 48 bytes, Stack size 24 bytes, user_modbus_command_decode.o(.text.ModBus_Command_Decode_General_Func_App_Checksum))
<BR><BR>[Stack]<UL><LI>Max Depth = 96<LI>Call Chain = ModBus_Command_Decode_General_Func_App_Checksum &rArr; ModBus_Fill_CRC16 &rArr; ModBus_CRC16
</UL>
<BR>[Calls]<UL><LI><a href="#[b2]">&gt;&gt;</a>&nbsp;&nbsp;&nbsp;Uint32_To_BigEndianBytesArray
<LI><a href="#[a6]">&gt;&gt;</a>&nbsp;&nbsp;&nbsp;ModBus_Fill_CRC16
<LI><a href="#[93]">&gt;&gt;</a>&nbsp;&nbsp;&nbsp;Bootloader_GetAppCRC
</UL>
<BR>[Called By]<UL><LI><a href="#[a4]">&gt;&gt;</a>&nbsp;&nbsp;&nbsp;ModBus_Command_Decode_General_Func
</UL>

<P><STRONG><a name="[ad]"></a>ModBus_Command_Decode_General_Func_Check_Upgrade</STRONG> (Thumb, 94 bytes, Stack size 32 bytes, user_modbus_command_decode.o(.text.ModBus_Command_Decode_General_Func_Check_Upgrade))
<BR><BR>[Stack]<UL><LI>Max Depth = 104<LI>Call Chain = ModBus_Command_Decode_General_Func_Check_Upgrade &rArr; ModBus_Fill_CRC16 &rArr; ModBus_CRC16
</UL>
<BR>[Calls]<UL><LI><a href="#[b2]">&gt;&gt;</a>&nbsp;&nbsp;&nbsp;Uint32_To_BigEndianBytesArray
<LI><a href="#[a6]">&gt;&gt;</a>&nbsp;&nbsp;&nbsp;ModBus_Fill_CRC16
<LI><a href="#[b3]">&gt;&gt;</a>&nbsp;&nbsp;&nbsp;Bootloader_Write_App_Size
<LI><a href="#[b4]">&gt;&gt;</a>&nbsp;&nbsp;&nbsp;Bootloader_Write_App_CRC
<LI><a href="#[93]">&gt;&gt;</a>&nbsp;&nbsp;&nbsp;Bootloader_GetAppCRC
</UL>
<BR>[Called By]<UL><LI><a href="#[a4]">&gt;&gt;</a>&nbsp;&nbsp;&nbsp;ModBus_Command_Decode_General_Func
</UL>

<P><STRONG><a name="[b0]"></a>ModBus_Command_Decode_General_Func_Erase_App</STRONG> (Thumb, 48 bytes, Stack size 24 bytes, user_modbus_command_decode.o(.text.ModBus_Command_Decode_General_Func_Erase_App))
<BR><BR>[Stack]<UL><LI>Max Depth = 96<LI>Call Chain = ModBus_Command_Decode_General_Func_Erase_App &rArr; ModBus_Fill_CRC16 &rArr; ModBus_CRC16
</UL>
<BR>[Calls]<UL><LI><a href="#[b2]">&gt;&gt;</a>&nbsp;&nbsp;&nbsp;Uint32_To_BigEndianBytesArray
<LI><a href="#[a6]">&gt;&gt;</a>&nbsp;&nbsp;&nbsp;ModBus_Fill_CRC16
<LI><a href="#[b5]">&gt;&gt;</a>&nbsp;&nbsp;&nbsp;Bootloader_EraseApp
</UL>
<BR>[Called By]<UL><LI><a href="#[a4]">&gt;&gt;</a>&nbsp;&nbsp;&nbsp;ModBus_Command_Decode_General_Func
</UL>

<P><STRONG><a name="[a8]"></a>ModBus_Command_Decode_General_Func_Read_App_Length</STRONG> (Thumb, 48 bytes, Stack size 24 bytes, user_modbus_command_decode.o(.text.ModBus_Command_Decode_General_Func_Read_App_Length))
<BR><BR>[Stack]<UL><LI>Max Depth = 96<LI>Call Chain = ModBus_Command_Decode_General_Func_Read_App_Length &rArr; ModBus_Fill_CRC16 &rArr; ModBus_CRC16
</UL>
<BR>[Calls]<UL><LI><a href="#[b2]">&gt;&gt;</a>&nbsp;&nbsp;&nbsp;Uint32_To_BigEndianBytesArray
<LI><a href="#[a6]">&gt;&gt;</a>&nbsp;&nbsp;&nbsp;ModBus_Fill_CRC16
<LI><a href="#[b6]">&gt;&gt;</a>&nbsp;&nbsp;&nbsp;Bootloader_Read_App_Size
</UL>
<BR>[Called By]<UL><LI><a href="#[a4]">&gt;&gt;</a>&nbsp;&nbsp;&nbsp;ModBus_Command_Decode_General_Func
</UL>

<P><STRONG><a name="[aa]"></a>ModBus_Command_Decode_General_Func_Read_HW_ID</STRONG> (Thumb, 48 bytes, Stack size 24 bytes, user_modbus_command_decode.o(.text.ModBus_Command_Decode_General_Func_Read_HW_ID))
<BR><BR>[Stack]<UL><LI>Max Depth = 96<LI>Call Chain = ModBus_Command_Decode_General_Func_Read_HW_ID &rArr; ModBus_Fill_CRC16 &rArr; ModBus_CRC16
</UL>
<BR>[Calls]<UL><LI><a href="#[b2]">&gt;&gt;</a>&nbsp;&nbsp;&nbsp;Uint32_To_BigEndianBytesArray
<LI><a href="#[a6]">&gt;&gt;</a>&nbsp;&nbsp;&nbsp;ModBus_Fill_CRC16
<LI><a href="#[b7]">&gt;&gt;</a>&nbsp;&nbsp;&nbsp;Bootloader_GethwID
</UL>
<BR>[Called By]<UL><LI><a href="#[a4]">&gt;&gt;</a>&nbsp;&nbsp;&nbsp;ModBus_Command_Decode_General_Func
</UL>

<P><STRONG><a name="[ae]"></a>ModBus_Command_Decode_General_Func_Read_Stored_CRC</STRONG> (Thumb, 48 bytes, Stack size 24 bytes, user_modbus_command_decode.o(.text.ModBus_Command_Decode_General_Func_Read_Stored_CRC))
<BR><BR>[Stack]<UL><LI>Max Depth = 96<LI>Call Chain = ModBus_Command_Decode_General_Func_Read_Stored_CRC &rArr; ModBus_Fill_CRC16 &rArr; ModBus_CRC16
</UL>
<BR>[Calls]<UL><LI><a href="#[b2]">&gt;&gt;</a>&nbsp;&nbsp;&nbsp;Uint32_To_BigEndianBytesArray
<LI><a href="#[a6]">&gt;&gt;</a>&nbsp;&nbsp;&nbsp;ModBus_Fill_CRC16
<LI><a href="#[92]">&gt;&gt;</a>&nbsp;&nbsp;&nbsp;Bootloader_CheckApp
</UL>
<BR>[Called By]<UL><LI><a href="#[a4]">&gt;&gt;</a>&nbsp;&nbsp;&nbsp;ModBus_Command_Decode_General_Func
</UL>

<P><STRONG><a name="[a9]"></a>ModBus_Command_Decode_General_Func_Write_App_Length</STRONG> (Thumb, 60 bytes, Stack size 32 bytes, user_modbus_command_decode.o(.text.ModBus_Command_Decode_General_Func_Write_App_Length))
<BR><BR>[Stack]<UL><LI>Max Depth = 104<LI>Call Chain = ModBus_Command_Decode_General_Func_Write_App_Length &rArr; ModBus_Fill_CRC16 &rArr; ModBus_CRC16
</UL>
<BR>[Calls]<UL><LI><a href="#[b2]">&gt;&gt;</a>&nbsp;&nbsp;&nbsp;Uint32_To_BigEndianBytesArray
<LI><a href="#[b8]">&gt;&gt;</a>&nbsp;&nbsp;&nbsp;BigEndianBytesArray_To_Uint32
<LI><a href="#[a6]">&gt;&gt;</a>&nbsp;&nbsp;&nbsp;ModBus_Fill_CRC16
<LI><a href="#[b3]">&gt;&gt;</a>&nbsp;&nbsp;&nbsp;Bootloader_Write_App_Size
</UL>
<BR>[Called By]<UL><LI><a href="#[a4]">&gt;&gt;</a>&nbsp;&nbsp;&nbsp;ModBus_Command_Decode_General_Func
</UL>

<P><STRONG><a name="[ab]"></a>ModBus_Command_Decode_General_Func_Write_HW_ID</STRONG> (Thumb, 42 bytes, Stack size 24 bytes, user_modbus_command_decode.o(.text.ModBus_Command_Decode_General_Func_Write_HW_ID))
<BR><BR>[Stack]<UL><LI>Max Depth = 96<LI>Call Chain = ModBus_Command_Decode_General_Func_Write_HW_ID &rArr; ModBus_Fill_CRC16 &rArr; ModBus_CRC16
</UL>
<BR>[Calls]<UL><LI><a href="#[b2]">&gt;&gt;</a>&nbsp;&nbsp;&nbsp;Uint32_To_BigEndianBytesArray
<LI><a href="#[a6]">&gt;&gt;</a>&nbsp;&nbsp;&nbsp;ModBus_Fill_CRC16
</UL>
<BR>[Called By]<UL><LI><a href="#[a4]">&gt;&gt;</a>&nbsp;&nbsp;&nbsp;ModBus_Command_Decode_General_Func
</UL>

<P><STRONG><a name="[af]"></a>ModBus_Command_Decode_General_Func_Write_Stored_CRC</STRONG> (Thumb, 60 bytes, Stack size 32 bytes, user_modbus_command_decode.o(.text.ModBus_Command_Decode_General_Func_Write_Stored_CRC))
<BR><BR>[Stack]<UL><LI>Max Depth = 104<LI>Call Chain = ModBus_Command_Decode_General_Func_Write_Stored_CRC &rArr; ModBus_Fill_CRC16 &rArr; ModBus_CRC16
</UL>
<BR>[Calls]<UL><LI><a href="#[b2]">&gt;&gt;</a>&nbsp;&nbsp;&nbsp;Uint32_To_BigEndianBytesArray
<LI><a href="#[b8]">&gt;&gt;</a>&nbsp;&nbsp;&nbsp;BigEndianBytesArray_To_Uint32
<LI><a href="#[a6]">&gt;&gt;</a>&nbsp;&nbsp;&nbsp;ModBus_Fill_CRC16
<LI><a href="#[b4]">&gt;&gt;</a>&nbsp;&nbsp;&nbsp;Bootloader_Write_App_CRC
</UL>
<BR>[Called By]<UL><LI><a href="#[a4]">&gt;&gt;</a>&nbsp;&nbsp;&nbsp;ModBus_Command_Decode_General_Func
</UL>

<P><STRONG><a name="[a3]"></a>ModBus_Command_Decode_Program_Flash</STRONG> (Thumb, 104 bytes, Stack size 32 bytes, user_modbus_command_decode.o(.text.ModBus_Command_Decode_Program_Flash))
<BR><BR>[Stack]<UL><LI>Max Depth = 104<LI>Call Chain = ModBus_Command_Decode_Program_Flash &rArr; ModBus_Fill_CRC16 &rArr; ModBus_CRC16
</UL>
<BR>[Calls]<UL><LI><a href="#[bb]">&gt;&gt;</a>&nbsp;&nbsp;&nbsp;Uint16_To_BigEndianBytesArray
<LI><a href="#[a7]">&gt;&gt;</a>&nbsp;&nbsp;&nbsp;BigEndianBytesArray_To_Uint16
<LI><a href="#[b8]">&gt;&gt;</a>&nbsp;&nbsp;&nbsp;BigEndianBytesArray_To_Uint32
<LI><a href="#[a6]">&gt;&gt;</a>&nbsp;&nbsp;&nbsp;ModBus_Fill_CRC16
<LI><a href="#[b9]">&gt;&gt;</a>&nbsp;&nbsp;&nbsp;Decrypt_Block_Data
<LI><a href="#[ba]">&gt;&gt;</a>&nbsp;&nbsp;&nbsp;Bootloader_ProgramBlock
</UL>
<BR>[Called By]<UL><LI><a href="#[a0]">&gt;&gt;</a>&nbsp;&nbsp;&nbsp;ModBus_Command_Decode
</UL>

<P><STRONG><a name="[a1]"></a>ModBus_Command_Decode_Read_Holding_Registers</STRONG> (Thumb, 188 bytes, Stack size 32 bytes, user_modbus_command_decode.o(.text.ModBus_Command_Decode_Read_Holding_Registers))
<BR><BR>[Stack]<UL><LI>Max Depth = 128<LI>Call Chain = ModBus_Command_Decode_Read_Holding_Registers &rArr; ModBus_Command_Decode_Feedback_Error &rArr; ModBus_Fill_CRC16 &rArr; ModBus_CRC16
</UL>
<BR>[Calls]<UL><LI><a href="#[a7]">&gt;&gt;</a>&nbsp;&nbsp;&nbsp;BigEndianBytesArray_To_Uint16
<LI><a href="#[a5]">&gt;&gt;</a>&nbsp;&nbsp;&nbsp;ModBus_Command_Decode_Feedback_Error
<LI><a href="#[a6]">&gt;&gt;</a>&nbsp;&nbsp;&nbsp;ModBus_Fill_CRC16
</UL>
<BR>[Called By]<UL><LI><a href="#[a0]">&gt;&gt;</a>&nbsp;&nbsp;&nbsp;ModBus_Command_Decode
</UL>

<P><STRONG><a name="[a2]"></a>ModBus_Command_Decode_Upgrade_Info</STRONG> (Thumb, 86 bytes, Stack size 24 bytes, user_modbus_command_decode.o(.text.ModBus_Command_Decode_Upgrade_Info))
<BR><BR>[Stack]<UL><LI>Max Depth = 40<LI>Call Chain = ModBus_Command_Decode_Upgrade_Info &rArr; BigEndianBytesArray_To_Uint32
</UL>
<BR>[Calls]<UL><LI><a href="#[b2]">&gt;&gt;</a>&nbsp;&nbsp;&nbsp;Uint32_To_BigEndianBytesArray
<LI><a href="#[b8]">&gt;&gt;</a>&nbsp;&nbsp;&nbsp;BigEndianBytesArray_To_Uint32
<LI><a href="#[bc]">&gt;&gt;</a>&nbsp;&nbsp;&nbsp;Decryption_Init
</UL>
<BR>[Called By]<UL><LI><a href="#[a0]">&gt;&gt;</a>&nbsp;&nbsp;&nbsp;ModBus_Command_Decode
</UL>

<P><STRONG><a name="[a6]"></a>ModBus_Fill_CRC16</STRONG> (Thumb, 78 bytes, Stack size 16 bytes, modbus_crc.o(.text.ModBus_Fill_CRC16))
<BR><BR>[Stack]<UL><LI>Max Depth = 72<LI>Call Chain = ModBus_Fill_CRC16 &rArr; ModBus_CRC16
</UL>
<BR>[Calls]<UL><LI><a href="#[9d]">&gt;&gt;</a>&nbsp;&nbsp;&nbsp;ModBus_CRC16
</UL>
<BR>[Called By]<UL><LI><a href="#[a1]">&gt;&gt;</a>&nbsp;&nbsp;&nbsp;ModBus_Command_Decode_Read_Holding_Registers
<LI><a href="#[b0]">&gt;&gt;</a>&nbsp;&nbsp;&nbsp;ModBus_Command_Decode_General_Func_Erase_App
<LI><a href="#[af]">&gt;&gt;</a>&nbsp;&nbsp;&nbsp;ModBus_Command_Decode_General_Func_Write_Stored_CRC
<LI><a href="#[ae]">&gt;&gt;</a>&nbsp;&nbsp;&nbsp;ModBus_Command_Decode_General_Func_Read_Stored_CRC
<LI><a href="#[ad]">&gt;&gt;</a>&nbsp;&nbsp;&nbsp;ModBus_Command_Decode_General_Func_Check_Upgrade
<LI><a href="#[ac]">&gt;&gt;</a>&nbsp;&nbsp;&nbsp;ModBus_Command_Decode_General_Func_App_Checksum
<LI><a href="#[ab]">&gt;&gt;</a>&nbsp;&nbsp;&nbsp;ModBus_Command_Decode_General_Func_Write_HW_ID
<LI><a href="#[aa]">&gt;&gt;</a>&nbsp;&nbsp;&nbsp;ModBus_Command_Decode_General_Func_Read_HW_ID
<LI><a href="#[a9]">&gt;&gt;</a>&nbsp;&nbsp;&nbsp;ModBus_Command_Decode_General_Func_Write_App_Length
<LI><a href="#[a8]">&gt;&gt;</a>&nbsp;&nbsp;&nbsp;ModBus_Command_Decode_General_Func_Read_App_Length
<LI><a href="#[a3]">&gt;&gt;</a>&nbsp;&nbsp;&nbsp;ModBus_Command_Decode_Program_Flash
<LI><a href="#[a5]">&gt;&gt;</a>&nbsp;&nbsp;&nbsp;ModBus_Command_Decode_Feedback_Error
</UL>

<P><STRONG><a name="[bd]"></a>ModBus_Init</STRONG> (Thumb, 36 bytes, Stack size 16 bytes, user_modbus.o(.text.ModBus_Init))
<BR><BR>[Stack]<UL><LI>Max Depth = 16<LI>Call Chain = ModBus_Init
</UL>
<BR>[Calls]<UL><LI><a href="#[be]">&gt;&gt;</a>&nbsp;&nbsp;&nbsp;__aeabi_memclr4
</UL>
<BR>[Called By]<UL><LI><a href="#[87]">&gt;&gt;</a>&nbsp;&nbsp;&nbsp;main
</UL>

<P><STRONG><a name="[bf]"></a>ModBus_Slave_Process</STRONG> (Thumb, 160 bytes, Stack size 16 bytes, user_modbus.o(.text.ModBus_Slave_Process))
<BR><BR>[Stack]<UL><LI>Max Depth = 184<LI>Call Chain = ModBus_Slave_Process &rArr; ModBus_Command_Decode &rArr; ModBus_Command_Decode_General_Func &rArr; ModBus_Command_Decode_General_Func_Write_Stored_CRC &rArr; ModBus_Fill_CRC16 &rArr; ModBus_CRC16
</UL>
<BR>[Calls]<UL><LI><a href="#[a0]">&gt;&gt;</a>&nbsp;&nbsp;&nbsp;ModBus_Command_Decode
<LI><a href="#[9f]">&gt;&gt;</a>&nbsp;&nbsp;&nbsp;ModBus_CRC16_Check
</UL>
<BR>[Called By]<UL><LI><a href="#[87]">&gt;&gt;</a>&nbsp;&nbsp;&nbsp;main
</UL>

<P><STRONG><a name="[d1]"></a>ModBus_Slave_Received_Data</STRONG> (Thumb, 54 bytes, Stack size 12 bytes, user_modbus.o(.text.ModBus_Slave_Received_Data))
<BR><BR>[Stack]<UL><LI>Max Depth = 12<LI>Call Chain = ModBus_Slave_Received_Data
</UL>
<BR>[Called By]<UL><LI><a href="#[2c]">&gt;&gt;</a>&nbsp;&nbsp;&nbsp;USART1_IRQHandler
</UL>

<P><STRONG><a name="[8a]"></a>ModBus_Slave_Response_Data</STRONG> (Thumb, 20 bytes, Stack size 16 bytes, user_modbus.o(.text.ModBus_Slave_Response_Data))
<BR><BR>[Stack]<UL><LI>Max Depth = 56<LI>Call Chain = ModBus_Slave_Response_Data &rArr; bsp_rs485_dma_send &rArr; bsp_rs485_send_mode &rArr; gpio_bit_set
</UL>
<BR>[Calls]<UL><LI><a href="#[c0]">&gt;&gt;</a>&nbsp;&nbsp;&nbsp;bsp_rs485_dma_send
</UL>
<BR>[Address Reference Count : 1]<UL><LI> user_modbus.o(.text.ModBus_Slave_Process)
</UL>
<P><STRONG><a name="[d3]"></a>ModBus_Slave_Send_Finished</STRONG> (Thumb, 2 bytes, Stack size 0 bytes, user_modbus.o(.text.ModBus_Slave_Send_Finished))
<BR><BR>[Called By]<UL><LI><a href="#[2c]">&gt;&gt;</a>&nbsp;&nbsp;&nbsp;USART1_IRQHandler
</UL>

<P><STRONG><a name="[1]"></a>NMI_Handler</STRONG> (Thumb, 126 bytes, Stack size 8 bytes, gd32g5x3_it.o(.text.NMI_Handler))
<BR><BR>[Stack]<UL><LI>Max Depth = 12<LI>Call Chain = NMI_Handler &rArr; syscfg_interrupt_flag_get
</UL>
<BR>[Calls]<UL><LI><a href="#[c1]">&gt;&gt;</a>&nbsp;&nbsp;&nbsp;syscfg_interrupt_flag_get
</UL>
<BR>[Address Reference Count : 1]<UL><LI> startup_gd32g5x3.o(RESET)
</UL>
<P><STRONG><a name="[8]"></a>PendSV_Handler</STRONG> (Thumb, 4 bytes, Stack size 0 bytes, gd32g5x3_it.o(.text.PendSV_Handler))
<BR>[Address Reference Count : 1]<UL><LI> startup_gd32g5x3.o(RESET)
</UL>
<P><STRONG><a name="[6]"></a>SVC_Handler</STRONG> (Thumb, 4 bytes, Stack size 0 bytes, gd32g5x3_it.o(.text.SVC_Handler))
<BR>[Address Reference Count : 1]<UL><LI> startup_gd32g5x3.o(RESET)
</UL>
<P><STRONG><a name="[9]"></a>SysTick_Handler</STRONG> (Thumb, 22 bytes, Stack size 8 bytes, gd32g5x3_it.o(.text.SysTick_Handler))
<BR><BR>[Stack]<UL><LI>Max Depth = 8<LI>Call Chain = SysTick_Handler
</UL>
<BR>[Calls]<UL><LI><a href="#[c4]">&gt;&gt;</a>&nbsp;&nbsp;&nbsp;delay_decrement
</UL>
<BR>[Address Reference Count : 1]<UL><LI> startup_gd32g5x3.o(RESET)
</UL>
<P><STRONG><a name="[88]"></a>SystemInit</STRONG> (Thumb, 336 bytes, Stack size 24 bytes, system_gd32g5x3.o(.text.SystemInit))
<BR><BR>[Stack]<UL><LI>Max Depth = 52<LI>Call Chain = SystemInit &rArr; system_clock_config &rArr; system_clock_216m_hxtal
</UL>
<BR>[Calls]<UL><LI><a href="#[c7]">&gt;&gt;</a>&nbsp;&nbsp;&nbsp;nvic_vector_table_set
<LI><a href="#[c6]">&gt;&gt;</a>&nbsp;&nbsp;&nbsp;system_clock_config
<LI><a href="#[c5]">&gt;&gt;</a>&nbsp;&nbsp;&nbsp;_soft_delay_
</UL>
<BR>[Address Reference Count : 1]<UL><LI> startup_gd32g5x3.o(.text)
</UL>
<P><STRONG><a name="[2b]"></a>USART0_IRQHandler</STRONG> (Thumb, 348 bytes, Stack size 24 bytes, gd32g5x3_it.o(.text.USART0_IRQHandler))
<BR><BR>[Stack]<UL><LI>Max Depth = 44<LI>Call Chain = USART0_IRQHandler &rArr; usart_interrupt_flag_get
</UL>
<BR>[Calls]<UL><LI><a href="#[d0]">&gt;&gt;</a>&nbsp;&nbsp;&nbsp;usart_flag_clear
<LI><a href="#[ce]">&gt;&gt;</a>&nbsp;&nbsp;&nbsp;usart_interrupt_disable
<LI><a href="#[cd]">&gt;&gt;</a>&nbsp;&nbsp;&nbsp;dma_channel_enable
<LI><a href="#[cc]">&gt;&gt;</a>&nbsp;&nbsp;&nbsp;dma_flag_clear
<LI><a href="#[cb]">&gt;&gt;</a>&nbsp;&nbsp;&nbsp;dma_transfer_number_config
<LI><a href="#[98]">&gt;&gt;</a>&nbsp;&nbsp;&nbsp;dma_channel_disable
<LI><a href="#[ca]">&gt;&gt;</a>&nbsp;&nbsp;&nbsp;dma_transfer_number_get
<LI><a href="#[c9]">&gt;&gt;</a>&nbsp;&nbsp;&nbsp;usart_interrupt_flag_clear
<LI><a href="#[c8]">&gt;&gt;</a>&nbsp;&nbsp;&nbsp;usart_interrupt_flag_get
<LI><a href="#[cf]">&gt;&gt;</a>&nbsp;&nbsp;&nbsp;usart_flag_get
</UL>
<BR>[Address Reference Count : 1]<UL><LI> startup_gd32g5x3.o(RESET)
</UL>
<P><STRONG><a name="[2c]"></a>USART1_IRQHandler</STRONG> (Thumb, 380 bytes, Stack size 32 bytes, gd32g5x3_it.o(.text.USART1_IRQHandler))
<BR><BR>[Stack]<UL><LI>Max Depth = 52<LI>Call Chain = USART1_IRQHandler &rArr; usart_interrupt_flag_get
</UL>
<BR>[Calls]<UL><LI><a href="#[d3]">&gt;&gt;</a>&nbsp;&nbsp;&nbsp;ModBus_Slave_Send_Finished
<LI><a href="#[d2]">&gt;&gt;</a>&nbsp;&nbsp;&nbsp;bsp_rs485_receive_mode
<LI><a href="#[d1]">&gt;&gt;</a>&nbsp;&nbsp;&nbsp;ModBus_Slave_Received_Data
<LI><a href="#[d0]">&gt;&gt;</a>&nbsp;&nbsp;&nbsp;usart_flag_clear
<LI><a href="#[ce]">&gt;&gt;</a>&nbsp;&nbsp;&nbsp;usart_interrupt_disable
<LI><a href="#[cd]">&gt;&gt;</a>&nbsp;&nbsp;&nbsp;dma_channel_enable
<LI><a href="#[cc]">&gt;&gt;</a>&nbsp;&nbsp;&nbsp;dma_flag_clear
<LI><a href="#[cb]">&gt;&gt;</a>&nbsp;&nbsp;&nbsp;dma_transfer_number_config
<LI><a href="#[98]">&gt;&gt;</a>&nbsp;&nbsp;&nbsp;dma_channel_disable
<LI><a href="#[ca]">&gt;&gt;</a>&nbsp;&nbsp;&nbsp;dma_transfer_number_get
<LI><a href="#[c9]">&gt;&gt;</a>&nbsp;&nbsp;&nbsp;usart_interrupt_flag_clear
<LI><a href="#[c8]">&gt;&gt;</a>&nbsp;&nbsp;&nbsp;usart_interrupt_flag_get
<LI><a href="#[cf]">&gt;&gt;</a>&nbsp;&nbsp;&nbsp;usart_flag_get
</UL>
<BR>[Address Reference Count : 1]<UL><LI> startup_gd32g5x3.o(RESET)
</UL>
<P><STRONG><a name="[bb]"></a>Uint16_To_BigEndianBytesArray</STRONG> (Thumb, 54 bytes, Stack size 12 bytes, user_convert_int_bytesarray.o(.text.Uint16_To_BigEndianBytesArray))
<BR><BR>[Stack]<UL><LI>Max Depth = 12<LI>Call Chain = Uint16_To_BigEndianBytesArray
</UL>
<BR>[Called By]<UL><LI><a href="#[a3]">&gt;&gt;</a>&nbsp;&nbsp;&nbsp;ModBus_Command_Decode_Program_Flash
</UL>

<P><STRONG><a name="[b2]"></a>Uint32_To_BigEndianBytesArray</STRONG> (Thumb, 50 bytes, Stack size 12 bytes, user_convert_int_bytesarray.o(.text.Uint32_To_BigEndianBytesArray))
<BR><BR>[Stack]<UL><LI>Max Depth = 12<LI>Call Chain = Uint32_To_BigEndianBytesArray
</UL>
<BR>[Called By]<UL><LI><a href="#[b0]">&gt;&gt;</a>&nbsp;&nbsp;&nbsp;ModBus_Command_Decode_General_Func_Erase_App
<LI><a href="#[af]">&gt;&gt;</a>&nbsp;&nbsp;&nbsp;ModBus_Command_Decode_General_Func_Write_Stored_CRC
<LI><a href="#[ae]">&gt;&gt;</a>&nbsp;&nbsp;&nbsp;ModBus_Command_Decode_General_Func_Read_Stored_CRC
<LI><a href="#[ad]">&gt;&gt;</a>&nbsp;&nbsp;&nbsp;ModBus_Command_Decode_General_Func_Check_Upgrade
<LI><a href="#[ac]">&gt;&gt;</a>&nbsp;&nbsp;&nbsp;ModBus_Command_Decode_General_Func_App_Checksum
<LI><a href="#[ab]">&gt;&gt;</a>&nbsp;&nbsp;&nbsp;ModBus_Command_Decode_General_Func_Write_HW_ID
<LI><a href="#[aa]">&gt;&gt;</a>&nbsp;&nbsp;&nbsp;ModBus_Command_Decode_General_Func_Read_HW_ID
<LI><a href="#[a9]">&gt;&gt;</a>&nbsp;&nbsp;&nbsp;ModBus_Command_Decode_General_Func_Write_App_Length
<LI><a href="#[a8]">&gt;&gt;</a>&nbsp;&nbsp;&nbsp;ModBus_Command_Decode_General_Func_Read_App_Length
<LI><a href="#[a2]">&gt;&gt;</a>&nbsp;&nbsp;&nbsp;ModBus_Command_Decode_Upgrade_Info
</UL>

<P><STRONG><a name="[5]"></a>UsageFault_Handler</STRONG> (Thumb, 4 bytes, Stack size 0 bytes, gd32g5x3_it.o(.text.UsageFault_Handler))
<BR>[Address Reference Count : 1]<UL><LI> startup_gd32g5x3.o(RESET)
</UL>
<P><STRONG><a name="[d4]"></a>bsp_i2c_init</STRONG> (Thumb, 166 bytes, Stack size 40 bytes, bsp_i2c.o(.text.bsp_i2c_init))
<BR><BR>[Stack]<UL><LI>Max Depth = 68<LI>Call Chain = bsp_i2c_init &rArr; gpio_mode_set
</UL>
<BR>[Calls]<UL><LI><a href="#[db]">&gt;&gt;</a>&nbsp;&nbsp;&nbsp;i2c_enable
<LI><a href="#[da]">&gt;&gt;</a>&nbsp;&nbsp;&nbsp;i2c_master_clock_config
<LI><a href="#[d9]">&gt;&gt;</a>&nbsp;&nbsp;&nbsp;i2c_timing_config
<LI><a href="#[d6]">&gt;&gt;</a>&nbsp;&nbsp;&nbsp;gpio_af_set
<LI><a href="#[d8]">&gt;&gt;</a>&nbsp;&nbsp;&nbsp;gpio_output_options_set
<LI><a href="#[d7]">&gt;&gt;</a>&nbsp;&nbsp;&nbsp;gpio_mode_set
<LI><a href="#[d5]">&gt;&gt;</a>&nbsp;&nbsp;&nbsp;rcu_periph_clock_enable
<LI><a href="#[dc]">&gt;&gt;</a>&nbsp;&nbsp;&nbsp;i2c_eeprom_init
</UL>
<BR>[Called By]<UL><LI><a href="#[dd]">&gt;&gt;</a>&nbsp;&nbsp;&nbsp;bsp_init
</UL>

<P><STRONG><a name="[dd]"></a>bsp_init</STRONG> (Thumb, 34 bytes, Stack size 16 bytes, bsp.o(.text.bsp_init))
<BR><BR>[Stack]<UL><LI>Max Depth = 276<LI>Call Chain = bsp_init &rArr; bsp_rs485_init &rArr; usart_baudrate_set &rArr; rcu_clock_freq_get &rArr; rcu_pll_clock_freq_cal
</UL>
<BR>[Calls]<UL><LI><a href="#[e0]">&gt;&gt;</a>&nbsp;&nbsp;&nbsp;nvic_config
<LI><a href="#[df]">&gt;&gt;</a>&nbsp;&nbsp;&nbsp;bsp_rs485_init
<LI><a href="#[de]">&gt;&gt;</a>&nbsp;&nbsp;&nbsp;bsp_rs232_init
<LI><a href="#[d4]">&gt;&gt;</a>&nbsp;&nbsp;&nbsp;bsp_i2c_init
</UL>
<BR>[Called By]<UL><LI><a href="#[87]">&gt;&gt;</a>&nbsp;&nbsp;&nbsp;main
</UL>

<P><STRONG><a name="[e1]"></a>bsp_rs232_dma_init</STRONG> (Thumb, 278 bytes, Stack size 72 bytes, bsp_rs232.o(.text.bsp_rs232_dma_init))
<BR><BR>[Stack]<UL><LI>Max Depth = 104<LI>Call Chain = bsp_rs232_dma_init &rArr; dma_init &rArr; dma_channel_disable
</UL>
<BR>[Calls]<UL><LI><a href="#[e8]">&gt;&gt;</a>&nbsp;&nbsp;&nbsp;dmamux_synchronization_disable
<LI><a href="#[e6]">&gt;&gt;</a>&nbsp;&nbsp;&nbsp;dma_interrupt_enable
<LI><a href="#[e5]">&gt;&gt;</a>&nbsp;&nbsp;&nbsp;dma_circulation_disable
<LI><a href="#[e4]">&gt;&gt;</a>&nbsp;&nbsp;&nbsp;dma_init
<LI><a href="#[e3]">&gt;&gt;</a>&nbsp;&nbsp;&nbsp;dma_struct_para_init
<LI><a href="#[e2]">&gt;&gt;</a>&nbsp;&nbsp;&nbsp;dma_deinit
<LI><a href="#[99]">&gt;&gt;</a>&nbsp;&nbsp;&nbsp;dma_interrupt_disable
<LI><a href="#[97]">&gt;&gt;</a>&nbsp;&nbsp;&nbsp;dma_interrupt_flag_clear
<LI><a href="#[cd]">&gt;&gt;</a>&nbsp;&nbsp;&nbsp;dma_channel_enable
<LI><a href="#[e7]">&gt;&gt;</a>&nbsp;&nbsp;&nbsp;usart_dma_transmit_config
<LI><a href="#[e9]">&gt;&gt;</a>&nbsp;&nbsp;&nbsp;usart_dma_receive_config
<LI><a href="#[d5]">&gt;&gt;</a>&nbsp;&nbsp;&nbsp;rcu_periph_clock_enable
</UL>
<BR>[Called By]<UL><LI><a href="#[de]">&gt;&gt;</a>&nbsp;&nbsp;&nbsp;bsp_rs232_init
</UL>

[...]
<LI><a href="#[18]">&gt;&gt;</a>&nbsp;&nbsp;&nbsp;DMA0_Channel3_IRQHandler
<LI><a href="#[15]">&gt;&gt;</a>&nbsp;&nbsp;&nbsp;DMA0_Channel0_IRQHandler
<LI><a href="#[8b]">&gt;&gt;</a>&nbsp;&nbsp;&nbsp;bsp_rs232_dma_send
<LI><a href="#[e1]">&gt;&gt;</a>&nbsp;&nbsp;&nbsp;bsp_rs232_dma_init
<LI><a href="#[c0]">&gt;&gt;</a>&nbsp;&nbsp;&nbsp;bsp_rs485_dma_send
<LI><a href="#[f0]">&gt;&gt;</a>&nbsp;&nbsp;&nbsp;bsp_rs485_dma_init
</UL>

<P><STRONG><a name="[96]"></a>dma_interrupt_flag_get</STRONG> (Thumb, 206 bytes, Stack size 28 bytes, gd32g5x3_dma.o(.text.dma_interrupt_flag_get))
<BR><BR>[Stack]<UL><LI>Max Depth = 28<LI>Call Chain = dma_interrupt_flag_get
</UL>
<BR>[Called By]<UL><LI><a href="#[1a]">&gt;&gt;</a>&nbsp;&nbsp;&nbsp;DMA0_Channel5_IRQHandler
<LI><a href="#[19]">&gt;&gt;</a>&nbsp;&nbsp;&nbsp;DMA0_Channel4_IRQHandler
<LI><a href="#[18]">&gt;&gt;</a>&nbsp;&nbsp;&nbsp;DMA0_Channel3_IRQHandler
<LI><a href="#[15]">&gt;&gt;</a>&nbsp;&nbsp;&nbsp;DMA0_Channel0_IRQHandler
</UL>

<P><STRONG><a name="[ea]"></a>dma_memory_address_config</STRONG> (Thumb, 32 bytes, Stack size 12 bytes, gd32g5x3_dma.o(.text.dma_memory_address_config))
<BR><BR>[Stack]<UL><LI>Max Depth = 12<LI>Call Chain = dma_memory_address_config
</UL>
<BR>[Called By]<UL><LI><a href="#[8b]">&gt;&gt;</a>&nbsp;&nbsp;&nbsp;bsp_rs232_dma_send
<LI><a href="#[c0]">&gt;&gt;</a>&nbsp;&nbsp;&nbsp;bsp_rs485_dma_send
</UL>

<P><STRONG><a name="[e3]"></a>dma_struct_para_init</STRONG> (Thumb, 60 bytes, Stack size 4 bytes, gd32g5x3_dma.o(.text.dma_struct_para_init))
<BR><BR>[Stack]<UL><LI>Max Depth = 4<LI>Call Chain = dma_struct_para_init
</UL>
<BR>[Called By]<UL><LI><a href="#[e1]">&gt;&gt;</a>&nbsp;&nbsp;&nbsp;bsp_rs232_dma_init
<LI><a href="#[f0]">&gt;&gt;</a>&nbsp;&nbsp;&nbsp;bsp_rs485_dma_init
</UL>

<P><STRONG><a name="[cb]"></a>dma_transfer_number_config</STRONG> (Thumb, 34 bytes, Stack size 12 bytes, gd32g5x3_dma.o(.text.dma_transfer_number_config))
<BR><BR>[Stack]<UL><LI>Max Depth = 12<LI>Call Chain = dma_transfer_number_config
</UL>
<BR>[Called By]<UL><LI><a href="#[2c]">&gt;&gt;</a>&nbsp;&nbsp;&nbsp;USART1_IRQHandler
<LI><a href="#[2b]">&gt;&gt;</a>&nbsp;&nbsp;&nbsp;USART0_IRQHandler
<LI><a href="#[8b]">&gt;&gt;</a>&nbsp;&nbsp;&nbsp;bsp_rs232_dma_send
<LI><a href="#[c0]">&gt;&gt;</a>&nbsp;&nbsp;&nbsp;bsp_rs485_dma_send
</UL>

<P><STRONG><a name="[ca]"></a>dma_transfer_number_get</STRONG> (Thumb, 28 bytes, Stack size 8 bytes, gd32g5x3_dma.o(.text.dma_transfer_number_get))
<BR><BR>[Stack]<UL><LI>Max Depth = 8<LI>Call Chain = dma_transfer_number_get
</UL>
<BR>[Called By]<UL><LI><a href="#[2c]">&gt;&gt;</a>&nbsp;&nbsp;&nbsp;USART1_IRQHandler
<LI><a href="#[2b]">&gt;&gt;</a>&nbsp;&nbsp;&nbsp;USART0_IRQHandler
</UL>

<P><STRONG><a name="[e8]"></a>dmamux_synchronization_disable</STRONG> (Thumb, 34 bytes, Stack size 4 bytes, gd32g5x3_dma.o(.text.dmamux_synchronization_disable))
<BR><BR>[Stack]<UL><LI>Max Depth = 4<LI>Call Chain = dmamux_synchronization_disable
</UL>
<BR>[Called By]<UL><LI><a href="#[e1]">&gt;&gt;</a>&nbsp;&nbsp;&nbsp;bsp_rs232_dma_init
<LI><a href="#[f0]">&gt;&gt;</a>&nbsp;&nbsp;&nbsp;bsp_rs485_dma_init
</UL>

<P><STRONG><a name="[d6]"></a>gpio_af_set</STRONG> (Thumb, 212 bytes, Stack size 24 bytes, gd32g5x3_gpio.o(.text.gpio_af_set))
<BR><BR>[Stack]<UL><LI>Max Depth = 24<LI>Call Chain = gpio_af_set
</UL>
<BR>[Called By]<UL><LI><a href="#[df]">&gt;&gt;</a>&nbsp;&nbsp;&nbsp;bsp_rs485_init
<LI><a href="#[de]">&gt;&gt;</a>&nbsp;&nbsp;&nbsp;bsp_rs232_init
<LI><a href="#[d4]">&gt;&gt;</a>&nbsp;&nbsp;&nbsp;bsp_i2c_init
</UL>

<P><STRONG><a name="[f3]"></a>gpio_bit_reset</STRONG> (Thumb, 16 bytes, Stack size 8 bytes, gd32g5x3_gpio.o(.text.gpio_bit_reset))
<BR><BR>[Stack]<UL><LI>Max Depth = 8<LI>Call Chain = gpio_bit_reset
</UL>
<BR>[Called By]<UL><LI><a href="#[d2]">&gt;&gt;</a>&nbsp;&nbsp;&nbsp;bsp_rs485_receive_mode
</UL>

<P><STRONG><a name="[f4]"></a>gpio_bit_set</STRONG> (Thumb, 16 bytes, Stack size 8 bytes, gd32g5x3_gpio.o(.text.gpio_bit_set))
<BR><BR>[Stack]<UL><LI>Max Depth = 8<LI>Call Chain = gpio_bit_set
</UL>
<BR>[Called By]<UL><LI><a href="#[f1]">&gt;&gt;</a>&nbsp;&nbsp;&nbsp;bsp_rs485_send_mode
</UL>

<P><STRONG><a name="[d7]"></a>gpio_mode_set</STRONG> (Thumb, 156 bytes, Stack size 28 bytes, gd32g5x3_gpio.o(.text.gpio_mode_set))
<BR><BR>[Stack]<UL><LI>Max Depth = 28<LI>Call Chain = gpio_mode_set
</UL>
<BR>[Called By]<UL><LI><a href="#[df]">&gt;&gt;</a>&nbsp;&nbsp;&nbsp;bsp_rs485_init
<LI><a href="#[de]">&gt;&gt;</a>&nbsp;&nbsp;&nbsp;bsp_rs232_init
<LI><a href="#[d4]">&gt;&gt;</a>&nbsp;&nbsp;&nbsp;bsp_i2c_init
</UL>

<P><STRONG><a name="[d8]"></a>gpio_output_options_set</STRONG> (Thumb, 146 bytes, Stack size 24 bytes, gd32g5x3_gpio.o(.text.gpio_output_options_set))
<BR><BR>[Stack]<UL><LI>Max Depth = 24<LI>Call Chain = gpio_output_options_set
</UL>
<BR>[Called By]<UL><LI><a href="#[df]">&gt;&gt;</a>&nbsp;&nbsp;&nbsp;bsp_rs485_init
<LI><a href="#[de]">&gt;&gt;</a>&nbsp;&nbsp;&nbsp;bsp_rs232_init
<LI><a href="#[d4]">&gt;&gt;</a>&nbsp;&nbsp;&nbsp;bsp_i2c_init
</UL>

<P><STRONG><a name="[9c]"></a>i2c_dma_rx_callback</STRONG> (Thumb, 14 bytes, Stack size 0 bytes, at24cxx.o(.text.i2c_dma_rx_callback))
<BR><BR>[Called By]<UL><LI><a href="#[1a]">&gt;&gt;</a>&nbsp;&nbsp;&nbsp;DMA0_Channel5_IRQHandler
</UL>

<P><STRONG><a name="[9b]"></a>i2c_dma_tx_callback</STRONG> (Thumb, 14 bytes, Stack size 0 bytes, at24cxx.o(.text.i2c_dma_tx_callback))
<BR><BR>[Called By]<UL><LI><a href="#[19]">&gt;&gt;</a>&nbsp;&nbsp;&nbsp;DMA0_Channel4_IRQHandler
</UL>

<P><STRONG><a name="[dc]"></a>i2c_eeprom_init</STRONG> (Thumb, 14 bytes, Stack size 0 bytes, at24cxx.o(.text.i2c_eeprom_init))
<BR><BR>[Called By]<UL><LI><a href="#[d4]">&gt;&gt;</a>&nbsp;&nbsp;&nbsp;bsp_i2c_init
</UL>

<P><STRONG><a name="[db]"></a>i2c_enable</STRONG> (Thumb, 18 bytes, Stack size 4 bytes, gd32g5x3_i2c.o(.text.i2c_enable))
<BR><BR>[Stack]<UL><LI>Max Depth = 4<LI>Call Chain = i2c_enable
</UL>
<BR>[Called By]<UL><LI><a href="#[d4]">&gt;&gt;</a>&nbsp;&nbsp;&nbsp;bsp_i2c_init
</UL>

<P><STRONG><a name="[da]"></a>i2c_master_clock_config</STRONG> (Thumb, 62 bytes, Stack size 12 bytes, gd32g5x3_i2c.o(.text.i2c_master_clock_config))
<BR><BR>[Stack]<UL><LI>Max Depth = 12<LI>Call Chain = i2c_master_clock_config
</UL>
<BR>[Called By]<UL><LI><a href="#[d4]">&gt;&gt;</a>&nbsp;&nbsp;&nbsp;bsp_i2c_init
</UL>

<P><STRONG><a name="[d9]"></a>i2c_timing_config</STRONG> (Thumb, 92 bytes, Stack size 16 bytes, gd32g5x3_i2c.o(.text.i2c_timing_config))
<BR><BR>[Stack]<UL><LI>Max Depth = 16<LI>Call Chain = i2c_timing_config
</UL>
<BR>[Called By]<UL><LI><a href="#[d4]">&gt;&gt;</a>&nbsp;&nbsp;&nbsp;bsp_i2c_init
</UL>

<P><STRONG><a name="[87]"></a>main</STRONG> (Thumb, 100 bytes, Stack size 24 bytes, main.o(.text.main))
<BR><BR>[Stack]<UL><LI>Max Depth = 300<LI>Call Chain = main &rArr; bsp_init &rArr; bsp_rs485_init &rArr; usart_baudrate_set &rArr; rcu_clock_freq_get &rArr; rcu_pll_clock_freq_cal
</UL>
<BR>[Calls]<UL><LI><a href="#[bf]">&gt;&gt;</a>&nbsp;&nbsp;&nbsp;ModBus_Slave_Process
<LI><a href="#[f6]">&gt;&gt;</a>&nbsp;&nbsp;&nbsp;Bootloader_Hal_Init
<LI><a href="#[bd]">&gt;&gt;</a>&nbsp;&nbsp;&nbsp;ModBus_Init
<LI><a href="#[dd]">&gt;&gt;</a>&nbsp;&nbsp;&nbsp;bsp_init
<LI><a href="#[f5]">&gt;&gt;</a>&nbsp;&nbsp;&nbsp;systick_config
</UL>
<BR>[Address Reference Count : 1]<UL><LI> entry9a.o(.ARM.Collect$$$$0000000B)
</UL>
<P><STRONG><a name="[e0]"></a>nvic_config</STRONG> (Thumb, 78 bytes, Stack size 16 bytes, bsp.o(.text.nvic_config))
<BR><BR>[Stack]<UL><LI>Max Depth = 44<LI>Call Chain = nvic_config &rArr; nvic_irq_enable &rArr; nvic_priority_group_set
</UL>
<BR>[Calls]<UL><LI><a href="#[f8]">&gt;&gt;</a>&nbsp;&nbsp;&nbsp;nvic_irq_enable
<LI><a href="#[f7]">&gt;&gt;</a>&nbsp;&nbsp;&nbsp;nvic_priority_group_set
</UL>
<BR>[Called By]<UL><LI><a href="#[dd]">&gt;&gt;</a>&nbsp;&nbsp;&nbsp;bsp_init
</UL>

<P><STRONG><a name="[f8]"></a>nvic_irq_enable</STRONG> (Thumb, 298 bytes, Stack size 24 bytes, gd32g5x3_misc.o(.text.nvic_irq_enable))
<BR><BR>[Stack]<UL><LI>Max Depth = 28<LI>Call Chain = nvic_irq_enable &rArr; nvic_priority_group_set
</UL>
<BR>[Calls]<UL><LI><a href="#[f7]">&gt;&gt;</a>&nbsp;&nbsp;&nbsp;nvic_priority_group_set
</UL>
<BR>[Called By]<UL><LI><a href="#[e0]">&gt;&gt;</a>&nbsp;&nbsp;&nbsp;nvic_config
</UL>

<P><STRONG><a name="[f7]"></a>nvic_priority_group_set</STRONG> (Thumb, 28 bytes, Stack size 4 bytes, gd32g5x3_misc.o(.text.nvic_priority_group_set))
<BR><BR>[Stack]<UL><LI>Max Depth = 4<LI>Call Chain = nvic_priority_group_set
</UL>
<BR>[Called By]<UL><LI><a href="#[f8]">&gt;&gt;</a>&nbsp;&nbsp;&nbsp;nvic_irq_enable
<LI><a href="#[e0]">&gt;&gt;</a>&nbsp;&nbsp;&nbsp;nvic_config
</UL>

<P><STRONG><a name="[c7]"></a>nvic_vector_table_set</STRONG> (Thumb, 40 bytes, Stack size 8 bytes, gd32g5x3_misc.o(.text.nvic_vector_table_set))
<BR><BR>[Stack]<UL><LI>Max Depth = 8<LI>Call Chain = nvic_vector_table_set
</UL>
<BR>[Called By]<UL><LI><a href="#[88]">&gt;&gt;</a>&nbsp;&nbsp;&nbsp;SystemInit
</UL>

<P><STRONG><a name="[f9]"></a>rcu_clock_freq_get</STRONG> (Thumb, 1156 bytes, Stack size 144 bytes, gd32g5x3_rcu.o(.text.rcu_clock_freq_get))
<BR><BR>[Stack]<UL><LI>Max Depth = 164<LI>Call Chain = rcu_clock_freq_get &rArr; rcu_pll_clock_freq_cal
</UL>
<BR>[Calls]<UL><LI><a href="#[fa]">&gt;&gt;</a>&nbsp;&nbsp;&nbsp;rcu_pll_clock_freq_cal
</UL>
<BR>[Called By]<UL><LI><a href="#[ec]">&gt;&gt;</a>&nbsp;&nbsp;&nbsp;usart_baudrate_set
</UL>

<P><STRONG><a name="[d5]"></a>rcu_periph_clock_enable</STRONG> (Thumb, 40 bytes, Stack size 4 bytes, gd32g5x3_rcu.o(.text.rcu_periph_clock_enable))
<BR><BR>[Stack]<UL><LI>Max Depth = 4<LI>Call Chain = rcu_periph_clock_enable
</UL>
<BR>[Called By]<UL><LI><a href="#[e1]">&gt;&gt;</a>&nbsp;&nbsp;&nbsp;bsp_rs232_dma_init
<LI><a href="#[f0]">&gt;&gt;</a>&nbsp;&nbsp;&nbsp;bsp_rs485_dma_init
<LI><a href="#[df]">&gt;&gt;</a>&nbsp;&nbsp;&nbsp;bsp_rs485_init
<LI><a href="#[de]">&gt;&gt;</a>&nbsp;&nbsp;&nbsp;bsp_rs232_init
<LI><a href="#[d4]">&gt;&gt;</a>&nbsp;&nbsp;&nbsp;bsp_i2c_init
</UL>

<P><STRONG><a name="[fd]"></a>rcu_periph_reset_disable</STRONG> (Thumb, 40 bytes, Stack size 4 bytes, gd32g5x3_rcu.o(.text.rcu_periph_reset_disable))
<BR><BR>[Stack]<UL><LI>Max Depth = 4<LI>Call Chain = rcu_periph_reset_disable
</UL>
<BR>[Called By]<UL><LI><a href="#[eb]">&gt;&gt;</a>&nbsp;&nbsp;&nbsp;usart_deinit
</UL>

<P><STRONG><a name="[fc]"></a>rcu_periph_reset_enable</STRONG> (Thumb, 40 bytes, Stack size 4 bytes, gd32g5x3_rcu.o(.text.rcu_periph_reset_enable))
<BR><BR>[Stack]<UL><LI>Max Depth = 4<LI>Call Chain = rcu_periph_reset_enable
</UL>
<BR>[Called By]<UL><LI><a href="#[eb]">&gt;&gt;</a>&nbsp;&nbsp;&nbsp;usart_deinit
</UL>

<P><STRONG><a name="[c1]"></a>syscfg_interrupt_flag_get</STRONG> (Thumb, 60 bytes, Stack size 4 bytes, gd32g5x3_syscfg.o(.text.syscfg_interrupt_flag_get))
<BR><BR>[Stack]<UL><LI>Max Depth = 4<LI>Call Chain = syscfg_interrupt_flag_get
</UL>
<BR>[Called By]<UL><LI><a href="#[1]">&gt;&gt;</a>&nbsp;&nbsp;&nbsp;NMI_Handler
</UL>

<P><STRONG><a name="[f5]"></a>systick_config</STRONG> (Thumb, 50 bytes, Stack size 8 bytes, systick.o(.text.systick_config))
<BR><BR>[Stack]<UL><LI>Max Depth = 32<LI>Call Chain = systick_config &rArr; SysTick_Config &rArr; __NVIC_SetPriority
</UL>
<BR>[Calls]<UL><LI><a href="#[c3]">&gt;&gt;</a>&nbsp;&nbsp;&nbsp;__NVIC_SetPriority
<LI><a href="#[c2]">&gt;&gt;</a>&nbsp;&nbsp;&nbsp;SysTick_Config
</UL>
<BR>[Called By]<UL><LI><a href="#[87]">&gt;&gt;</a>&nbsp;&nbsp;&nbsp;main
</UL>

<P><STRONG><a name="[ec]"></a>usart_baudrate_set</STRONG> (Thumb, 266 bytes, Stack size 40 bytes, gd32g5x3_usart.o(.text.usart_baudrate_set))
<BR><BR>[Stack]<UL><LI>Max Depth = 204<LI>Call Chain = usart_baudrate_set &rArr; rcu_clock_freq_get &rArr; rcu_pll_clock_freq_cal
</UL>
<BR>[Calls]<UL><LI><a href="#[f9]">&gt;&gt;</a>&nbsp;&nbsp;&nbsp;rcu_clock_freq_get
</UL>
<BR>[Called By]<UL><LI><a href="#[df]">&gt;&gt;</a>&nbsp;&nbsp;&nbsp;bsp_rs485_init
<LI><a href="#[de]">&gt;&gt;</a>&nbsp;&nbsp;&nbsp;bsp_rs232_init
</UL>

<P><STRONG><a name="[eb]"></a>usart_deinit</STRONG> (Thumb, 184 bytes, Stack size 40 bytes, gd32g5x3_usart.o(.text.usart_deinit))
<BR><BR>[Stack]<UL><LI>Max Depth = 44<LI>Call Chain = usart_deinit &rArr; rcu_periph_reset_disable
</UL>
<BR>[Calls]<UL><LI><a href="#[fd]">&gt;&gt;</a>&nbsp;&nbsp;&nbsp;rcu_periph_reset_disable
<LI><a href="#[fc]">&gt;&gt;</a>&nbsp;&nbsp;&nbsp;rcu_periph_reset_enable
</UL>
<BR>[Called By]<UL><LI><a href="#[df]">&gt;&gt;</a>&nbsp;&nbsp;&nbsp;bsp_rs485_init
<LI><a href="#[de]">&gt;&gt;</a>&nbsp;&nbsp;&nbsp;bsp_rs232_init
</UL>

<P><STRONG><a name="[e9]"></a>usart_dma_receive_config</STRONG> (Thumb, 30 bytes, Stack size 8 bytes, gd32g5x3_usart.o(.text.usart_dma_receive_config))
<BR><BR>[Stack]<UL><LI>Max Depth = 8<LI>Call Chain = usart_dma_receive_config
</UL>
<BR>[Called By]<UL><LI><a href="#[e1]">&gt;&gt;</a>&nbsp;&nbsp;&nbsp;bsp_rs232_dma_init
<LI><a href="#[f0]">&gt;&gt;</a>&nbsp;&nbsp;&nbsp;bsp_rs485_dma_init
</UL>

<P><STRONG><a name="[e7]"></a>usart_dma_transmit_config</STRONG> (Thumb, 30 bytes, Stack size 8 bytes, gd32g5x3_usart.o(.text.usart_dma_transmit_config))
<BR><BR>[Stack]<UL><LI>Max Depth = 8<LI>Call Chain = usart_dma_transmit_config
</UL>
<BR>[Called By]<UL><LI><a href="#[e1]">&gt;&gt;</a>&nbsp;&nbsp;&nbsp;bsp_rs232_dma_init
<LI><a href="#[f0]">&gt;&gt;</a>&nbsp;&nbsp;&nbsp;bsp_rs485_dma_init
</UL>

<P><STRONG><a name="[ef]"></a>usart_enable</STRONG> (Thumb, 18 bytes, Stack size 4 bytes, gd32g5x3_usart.o(.text.usart_enable))
<BR><BR>[Stack]<UL><LI>Max Depth = 4<LI>Call Chain = usart_enable
</UL>
<BR>[Called By]<UL><LI><a href="#[df]">&gt;&gt;</a>&nbsp;&nbsp;&nbsp;bsp_rs485_init
<LI><a href="#[de]">&gt;&gt;</a>&nbsp;&nbsp;&nbsp;bsp_rs232_init
</UL>

<P><STRONG><a name="[d0]"></a>usart_flag_clear</STRONG> (Thumb, 34 bytes, Stack size 8 bytes, gd32g5x3_usart.o(.text.usart_flag_clear))
<BR><BR>[Stack]<UL><LI>Max Depth = 8<LI>Call Chain = usart_flag_clear
</UL>
<BR>[Called By]<UL><LI><a href="#[2c]">&gt;&gt;</a>&nbsp;&nbsp;&nbsp;USART1_IRQHandler
<LI><a href="#[2b]">&gt;&gt;</a>&nbsp;&nbsp;&nbsp;USART0_IRQHandler
</UL>

<P><STRONG><a name="[cf]"></a>usart_flag_get</STRONG> (Thumb, 58 bytes, Stack size 12 bytes, gd32g5x3_usart.o(.text.usart_flag_get))
<BR><BR>[Stack]<UL><LI>Max Depth = 12<LI>Call Chain = usart_flag_get
</UL>
<BR>[Called By]<UL><LI><a href="#[2c]">&gt;&gt;</a>&nbsp;&nbsp;&nbsp;USART1_IRQHandler
<LI><a href="#[2b]">&gt;&gt;</a>&nbsp;&nbsp;&nbsp;USART0_IRQHandler
</UL>

<P><STRONG><a name="[ce]"></a>usart_interrupt_disable</STRONG> (Thumb, 36 bytes, Stack size 8 bytes, gd32g5x3_usart.o(.text.usart_interrupt_disable))
<BR><BR>[Stack]<UL><LI>Max Depth = 8<LI>Call Chain = usart_interrupt_disable
</UL>
<BR>[Called By]<UL><LI><a href="#[2c]">&gt;&gt;</a>&nbsp;&nbsp;&nbsp;USART1_IRQHandler
<LI><a href="#[2b]">&gt;&gt;</a>&nbsp;&nbsp;&nbsp;USART0_IRQHandler
</UL>

<P><STRONG><a name="[9a]"></a>usart_interrupt_enable</STRONG> (Thumb, 36 bytes, Stack size 8 bytes, gd32g5x3_usart.o(.text.usart_interrupt_enable))
<BR><BR>[Stack]<UL><LI>Max Depth = 8<LI>Call Chain = usart_interrupt_enable
</UL>
<BR>[Called By]<UL><LI><a href="#[18]">&gt;&gt;</a>&nbsp;&nbsp;&nbsp;DMA0_Channel3_IRQHandler
<LI><a href="#[15]">&gt;&gt;</a>&nbsp;&nbsp;&nbsp;DMA0_Channel0_IRQHandler
<LI><a href="#[df]">&gt;&gt;</a>&nbsp;&nbsp;&nbsp;bsp_rs485_init
<LI><a href="#[de]">&gt;&gt;</a>&nbsp;&nbsp;&nbsp;bsp_rs232_init
</UL>

<P><STRONG><a name="[c9]"></a>usart_interrupt_flag_clear</STRONG> (Thumb, 64 bytes, Stack size 8 bytes, gd32g5x3_usart.o(.text.usart_interrupt_flag_clear))
<BR><BR>[Stack]<UL><LI>Max Depth = 8<LI>Call Chain = usart_interrupt_flag_clear
</UL>
<BR>[Called By]<UL><LI><a href="#[2c]">&gt;&gt;</a>&nbsp;&nbsp;&nbsp;USART1_IRQHandler
<LI><a href="#[2b]">&gt;&gt;</a>&nbsp;&nbsp;&nbsp;USART0_IRQHandler
</UL>

<P><STRONG><a name="[c8]"></a>usart_interrupt_flag_get</STRONG> (Thumb, 94 bytes, Stack size 20 bytes, gd32g5x3_usart.o(.text.usart_interrupt_flag_get))
<BR><BR>[Stack]<UL><LI>Max Depth = 20<LI>Call Chain = usart_interrupt_flag_get
</UL>
<BR>[Called By]<UL><LI><a href="#[2c]">&gt;&gt;</a>&nbsp;&nbsp;&nbsp;USART1_IRQHandler
<LI><a href="#[2b]">&gt;&gt;</a>&nbsp;&nbsp;&nbsp;USART0_IRQHandler
</UL>

<P><STRONG><a name="[f2]"></a>usart_parity_config</STRONG> (Thumb, 40 bytes, Stack size 8 bytes, gd32g5x3_usart.o(.text.usart_parity_config))
<BR><BR>[Stack]<UL><LI>Max Depth = 8<LI>Call Chain = usart_parity_config
</UL>
<BR>[Called By]<UL><LI><a href="#[df]">&gt;&gt;</a>&nbsp;&nbsp;&nbsp;bsp_rs485_init
</UL>

<P><STRONG><a name="[ed]"></a>usart_receive_config</STRONG> (Thumb, 30 bytes, Stack size 8 bytes, gd32g5x3_usart.o(.text.usart_receive_config))
<BR><BR>[Stack]<UL><LI>Max Depth = 8<LI>Call Chain = usart_receive_config
</UL>
<BR>[Called By]<UL><LI><a href="#[df]">&gt;&gt;</a>&nbsp;&nbsp;&nbsp;bsp_rs485_init
<LI><a href="#[de]">&gt;&gt;</a>&nbsp;&nbsp;&nbsp;bsp_rs232_init
</UL>

<P><STRONG><a name="[ee]"></a>usart_transmit_config</STRONG> (Thumb, 30 bytes, Stack size 8 bytes, gd32g5x3_usart.o(.text.usart_transmit_config))
<BR><BR>[Stack]<UL><LI>Max Depth = 8<LI>Call Chain = usart_transmit_config
</UL>
<BR>[Called By]<UL><LI><a href="#[df]">&gt;&gt;</a>&nbsp;&nbsp;&nbsp;bsp_rs485_init
<LI><a href="#[de]">&gt;&gt;</a>&nbsp;&nbsp;&nbsp;bsp_rs232_init
</UL>

<P><STRONG><a name="[10a]"></a>__scatterload_copy</STRONG> (Thumb, 14 bytes, Stack size unknown bytes, handlers.o(i.__scatterload_copy), UNUSED)

<P><STRONG><a name="[10b]"></a>__scatterload_null</STRONG> (Thumb, 2 bytes, Stack size unknown bytes, handlers.o(i.__scatterload_null), UNUSED)

<P><STRONG><a name="[10c]"></a>__scatterload_zeroinit</STRONG> (Thumb, 14 bytes, Stack size unknown bytes, handlers.o(i.__scatterload_zeroinit), UNUSED)
<P>
<H3>
Local Symbols
</H3>
<P><STRONG><a name="[c2]"></a>SysTick_Config</STRONG> (Thumb, 82 bytes, Stack size 16 bytes, systick.o(.text.SysTick_Config))
<BR><BR>[Stack]<UL><LI>Max Depth = 24<LI>Call Chain = SysTick_Config &rArr; __NVIC_SetPriority
</UL>
<BR>[Calls]<UL><LI><a href="#[c3]">&gt;&gt;</a>&nbsp;&nbsp;&nbsp;__NVIC_SetPriority
</UL>
<BR>[Called By]<UL><LI><a href="#[f5]">&gt;&gt;</a>&nbsp;&nbsp;&nbsp;systick_config
</UL>

<P><STRONG><a name="[c3]"></a>__NVIC_SetPriority</STRONG> (Thumb, 66 bytes, Stack size 8 bytes, systick.o(.text.__NVIC_SetPriority))
<BR><BR>[Stack]<UL><LI>Max Depth = 8<LI>Call Chain = __NVIC_SetPriority
</UL>
<BR>[Called By]<UL><LI><a href="#[c2]">&gt;&gt;</a>&nbsp;&nbsp;&nbsp;SysTick_Config
<LI><a href="#[f5]">&gt;&gt;</a>&nbsp;&nbsp;&nbsp;systick_config
</UL>

<P><STRONG><a name="[c5]"></a>_soft_delay_</STRONG> (Thumb, 40 bytes, Stack size 8 bytes, system_gd32g5x3.o(.text._soft_delay_))
<BR><BR>[Stack]<UL><LI>Max Depth = 8<LI>Call Chain = _soft_delay_
</UL>
<BR>[Called By]<UL><LI><a href="#[88]">&gt;&gt;</a>&nbsp;&nbsp;&nbsp;SystemInit
</UL>

<P><STRONG><a name="[c6]"></a>system_clock_config</STRONG> (Thumb, 8 bytes, Stack size 8 bytes, system_gd32g5x3.o(.text.system_clock_config))
<BR><BR>[Stack]<UL><LI>Max Depth = 28<LI>Call Chain = system_clock_config &rArr; system_clock_216m_hxtal
</UL>
<BR>[Calls]<UL><LI><a href="#[fb]">&gt;&gt;</a>&nbsp;&nbsp;&nbsp;system_clock_216m_hxtal
</UL>
<BR>[Called By]<UL><LI><a href="#[88]">&gt;&gt;</a>&nbsp;&nbsp;&nbsp;SystemInit
</UL>

<P><STRONG><a name="[fb]"></a>system_clock_216m_hxtal</STRONG> (Thumb, 324 bytes, Stack size 20 bytes, system_gd32g5x3.o(.text.system_clock_216m_hxtal))
<BR><BR>[Stack]<UL><LI>Max Depth = 20<LI>Call Chain = system_clock_216m_hxtal
</UL>
<BR>[Called By]<UL><LI><a href="#[c6]">&gt;&gt;</a>&nbsp;&nbsp;&nbsp;system_clock_config
</UL>

<P><STRONG><a name="[fa]"></a>rcu_pll_clock_freq_cal</STRONG> (Thumb, 42 bytes, Stack size 20 bytes, gd32g5x3_rcu.o(.text.rcu_pll_clock_freq_cal))
<BR><BR>[Stack]<UL><LI>Max Depth = 20<LI>Call Chain = rcu_pll_clock_freq_cal
</UL>
<BR>[Called By]<UL><LI><a href="#[f9]">&gt;&gt;</a>&nbsp;&nbsp;&nbsp;rcu_clock_freq_get
</UL>
<P>
<H3>
Undefined Global Symbols
</H3><HR></body></html>
